01100400 T __text_start
01100400 T pglGetProcAddress
01100448 T memset
01100534 T TKRA_GetCurrentContext
01100564 T tk_printf
01100790 T printf
01100844 T BTM_BlockOffsetRcix
011008EC T tk_malloc
01100924 T I_KeyDown
01100964 T BCCX_PeekChar
01100992 T BCCX_Get
011009F6 T btm_malloc_lln
01100A78 T sprintf
01100B04 T TKMM_LVA_GetTagIndexForName
01100B44 T BCCX_TagIsP
01100BAC T strcpy
01100BE8 T BTM_InstGetNodeAttrInt
01100C78 T tk_syscall
01100CF0 T BCCX_GetNodeIndex
01100E38 T sin
01101044 T TKRA_Vec3F_Copy
01101084 T BCCX_StringToStridx
0110119E T bccx_strdup
011012E0 T BTM_GetWorldBlockXYZ
01101362 T cos
011013B8 T tk_iskernel
0110141C T BTM_WorldAllocSq
011015A4 T tk_puts
011015F0 T __get_errno
01101610 T BCCX_GetNodeChildCount
0110165C T BTM_GetRegionBlockCix
01101820 T BCCX_ReadChar
01101854 T BTM_CheckWorldMoveBlockContents
011018A8 T I_KeyDownL
011018FC T BCCX_GetIntCst
011019E8 T tkra_glTexCoord2fI
01101A38 T BCCX_ParseToken
01101E20 T tkra_clamp255
01101E48 T TKSPI_XchByte
01101ED0 T __alloca
01101F40 T BCCX_Tag
01101F74 T floor
01101FB4 T TKMM_PageAlloc
01101FEC T TKMM_LVA_BinaryOpGeneric
011020D4 T tk_putc
01102166 T TKMM_LVA_RegisterBinOp
0110223C T BTM_MenuGetNodeAttrStr
0110236C T TKRA_Vec3F_DotProduct
011023CC T TKMM_LVA_Strdup
01102408 T tkra_malloc
01102490 T tkra_glVertex4fI
011025B4 T BTM_CheckWorldMoveBBoxBlockContents
01102754 T TKMM_LVA_WrapFixnum
01102788 T TKMM_LVA_UnwrapFixnum
011027A8 T BTM_CheckWorldMoveSpot
01102DDC T BTM_GetRegionForRix
01102EA4 T tk_fopen
01102EE4 T tkfat_asc2ucs
01102F20 T tk_fread
01102FA4 T TKSPI_SendCmd
011030D8 T bccx_atoll
0110315C T I_TimeMS
01103190 T TKFAT_ReadWriteDirEntOffset
01103280 T BCCX_StridxToString
011032DC T BTM_GetWorldBlockCix
01103344 T TKRA_DrawSpan_BlendClampI
01103A44 T TKPE_LookupPboImagePath
01103AF6 T __write
01103B8C T BTM_SetWorldBlockNlXYZ
01103BF4 T BTM_LoadFileTmp
01103C34 T TKMM_MMList_Malloc
01103C84 T BCCX_NewCst
01103CF2 T BCCX_GetCst
01103E0C T TK_GetPtrForHandle
01103E30 T btm_tgrand
01103E90 T BTM_DrawCharPrim
0110403C T BTM_WorldFreeSq
01104090 T strchr
011040DC T putc
01104118 T atan
011042D8 T bccx_rstrdup
0110432C T TKFAT_GetDirEntCluster
011043CA T BTM_BlockCoordsToRcix
011044BC T TKRA_MatrixMultiply
011047AE T BTM_NoisePtXyz8F
01104880 T BCCX_GetFloatCst
01104970 T BTM_RaycastTryAddHitCix1
01104B40 T tkra_glColor4ubI
01104BEC T tk_sprintf
01104C78 T BCCX_SetFloatCst
01104D14 T isdigit
01104D5C T tkra_glColor3ubI
01104DFC T BTM_ConvRcixToBlkPos
01104EEC T BCCX_FetchAttrValIx
01105218 T TK_Wad4_GetLumpSize
01105278 T tk_fseek
011052F8 T BCCX_PeekCharIdx
01105318 T tk_alloc_file
01105384 T tkra_teximg_packrgb555
011053F4 T TKMM_LVA_NewBigInt3v
01105468 T TK_InitUserInfoForTask
01105494 T BTM_Noise8F
011055D4 T BCCX_FetchAttrArrIx
011057D8 T rand
01105844 T __lva_conv_toi128
011058E8 T BTM_UnlockAlloc
0110591C T BTM_DrawString8px
01105990 T FS_W_Malloc
011059D4 T BCCX_AllocNode
01105AD8 T TKFAT_GetSectorTempFatBuffer
01105B1C T BTM_RegionAllocGetCell
01105B8C T TKMM_LVA_TyMalloc
01105BDC T tk_getch
01105C40 T BTM_LookupCvar
01105CA0 T tkfat_emitUtf8
01105DC8 T TKFAT_LookupDirEntPath
01105E34 T BTM_NoiseXyz8F
011060D8 T TK_Wad4_DigitBase32
01106110 T BCCX_Add
01106228 T TKFAT_GetDirEntSize
0110626C T BCCX_SetIntCst
011062F8 T tkfat_setWord
0110632C T BCCX_SetCst
011063D0 T TKMM_FxiToSize
01106408 T BTM_AllocMul64K
01106494 T bccx_ralloc
01106528 T tk_strtol
0110660C T TKRA_TransformProjectTriangle
01107DFC T fabs
01107E20 T tk_free
01107E58 T TK_Wad4_GetLumpEntType
01107EB8 T BTM_BlockIsTransparentP
01107F08 T BTM_WorldCorgToRcix
01108004 T TK_Wad4_GetCacheLumpNum
011080EC T TK_EnvCtx_SetEnvVarI_StrDup
0110818C T FS_Wad4GetCacheForLump
01108514 T TKFAT_GetSectorTempBuffer
0110897C T BTMGL_LockWorld
01108994 T BTMGL_UnlockWorld
011089AC T tk_alloc_mount
01108A18 T tk_alloc_dir
01108A60 T tkra_glNormal3fI
01108B3C T __get_stdout
01108B5C T TKFAT_ReadWriteClusterOffset
01108E8C T BTM_UpdateWorldBlockOccCix
01109120 T BCCX_TagIsCstP
011091A8 T BTM_TryGetWorldBlockCix
01109220 T TKMM_LVA_UnwrapBigIntPv
011092C8 T BTM_TryGetWorldBlockCorg
0110932C T BCCX_FindAttr
011093A0 T isspace
011093E8 T BTMGL_EmitScaledBlockFaces
01109A10 T TK_Con_SetCursorPos
01109A4C T tk_vfile_init
01109B14 T memchr
01109B5C T strdup
01109BB8 T TK_GetAllocaMark
01109BF4 T BTM_ShowMenu
01109D3C T TK_VMem_SetPageTableEntry
01109E9C T __read
01109F20 T BTMGL_EmitBlockVertex
0110A184 T TKMM_MallocCat
0110A250 T BCCX_ParseEatWhite
0110A390 T BTM_AllocMul256B
0110A43C T BCCX_AbxeParseBuffer
0110A528 T BCCX_AbxeEncodeNodeBuffer
0110A5A8 T BTM_ValidateRegionMagics
0110A664 T TKMM_MMCell_GetChunkBmpIndex
0110A6A4 T BTM_NoisePt8F
0110A73C T TK_Wad4_GetLumpDirMode
0110A778 T bccx_stridx_i
0110A79C T TK_Wad4_GetLumpDirUid
0110A7D8 T BTM_RaycastStepVectorB
0110A8B4 T tkra_free
0110A8F4 T tkra_log2dn
0110A92E T bccx_atof
0110A9BC T TKMM_LVA_NewBigInt
0110AA70 T TK_Wad4_GetLumpDirGid
0110AAAC T BCCX_LookupAttrValCst
0110AB0C T TKRA_Vec3F_AddScale
0110AB82 T BTM_CvarGetInt
0110ACC0 T BTM_LockAlloc
0110AD10 T __sigdfl
0110AD58 T TK_Wad4_CreateDirPath
0110ADD8 T TKRA_CalcDefaultStride
0110AEA6 T sqrt
0110AF80 T TK_GetCurrentEnvContext
0110AFF8 T tk_strdup_in
0110B030 T TK_Wad4_ZMalloc
0110B0D0 T TKMM_LVA_UnaryOpGeneric
0110B110 T BCCX_PrintText
0110B314 T tk_realloc
0110B38C T BTM_UpdateWorldBlockOccCix3R
0110B4F8 T BTM_UpdateBlockLightForRCix
0110B538 T fread
0110B844 T TKMM_LVA_VarObjKeyForSymbol
0110B998 T BTM_SetRegionBlockCix
0110C3EC T TKSH_NormalizePath
0110C5B0 T BTM_RaycastTryAddHitCix
0110C6BC T BTMGL_UploadCompressed
0110C8BC T TK_VMem_MProtectPages
0110C9B8 T TKFAT_GetFatEntry
0110CAEC T TgvLz_LookupMatch
0110CE20 T tgvlz_log2u
0110CE4C T TgvLz_EstMatchCost
0110CF74 T TgvLz_DecodeBufferRP2
0110D2C0 T TKFAT_AllocFreeCluster
0110D33C T btm_realloc_lln
0110D38C T TKFAT_GetWalkCluster
0110D684 T BTM_ConvRixToBlkPosCenter
0110D6D4 T TKFAT_GetClusterFileOffs
0110D780 T bccx_strdup_i
0110D8D0 T TKMM_AllocPages
0110D96C T TKFAT_ReadWriteMetaEntOffset
0110DA08 T TKMM_MMList_AllocBrkCat
0110DC94 T TKFAT_CreateDirEntName
0110E2AC T BCCX_AllocNodeList
0110E3B0 T TK_Con_UpdateHwCursor
0110E3E4 T BCCX_LookupAttrValIx
0110E71C T TK_Wad4_GetLumpEntCmp
0110E77C T BCCX_FetchAttrValCst
0110E7DC T TKFAT_CreateDirEntPathR
0110EAC4 T TKFAT_CreateDirEntPath
0110EB2C T tk_ps2addkeyevbyte
0110EB60 T BTM_CheckWorldBoxMoveVel
0110F2A8 T TKRA_SpanRcp
0110F30C T BCCX_New
0110F354 T BCCX_NewText
0110F3B8 T BTM_RegionCheckRepackLight
0110F40C T fseek
0110F520 T fwrite
0110F6A0 T TK_DevFS_AllocDevice
0110F6E4 T TKRA_GetPixel555Luma
0110F724 T btm_abs
0110F750 T TKRA_BindTexImg
0110F7C4 T TK_Wad4_GetCacheExpandLumpNum
0110F908 T BTM_MobGetOriginPos
0110F95C T BTM_CalcRayXyzDistApprox
0110FA28 T TK_Wad4_HashIndexForName32
0110FAB8 T TK_Wad4_LookupLumpNameW4
0110FC40 T tkra_clamp127s
0110FC68 T BCCX_AbxeEncodeTag
0110FE8C T TKSPI_WriteSectors
0110FF3C T thMutex
0110FF50 T TK_Wad4_LookupLumpPath
0110FF90 T TK_Wad4_CreateLumpPathI
01110130 T TK_Wad4_CreateLumpPath
01110170 T BTM_DrawStringPrim
0111020C T TKMM_PageFree
01110250 T TKMM_Malloc
01110320 T TKMM_LVA_HashName
01110370 T tk_free_file
0111039C T tk_fopen2
01110524 T TK_CheckUserAccess
011105F8 T __get_stderr
01110618 T I_CheckCheatStr
011106D4 T tkra_glMultMatrixf
01110710 T tk_rstrdup
0111076C T tkfat_fstnameforfsty
011107E8 T BTM_RegionDoLoadBufferIx
01110A60 T TK_Env_GetCwdQualifyName
01110B00 T tk_vf_addmount
01110B9C T TKMM_LVA_GetPtrTypeTag
01110BE4 T __xli_udiv
01110F34 T tk_free_dir
01110F64 T BCCX_MarkTreeZone
01110FD0 T BTM_RegionDoStoreBufferIx
01111314 T BTM_RaycastLineSingle
01111990 T fopen
01111AC8 T TKSPI_ReadSectors
01111B78 T atoi
01111BC0 T fputs
01111C1C T TKFAT_ReadWriteCluster
01111D16 T TKRA_DrawSpan_ZatModTexMortZt
01111FF0 T TKRA_DrawSpan_ZatModBlTexMortZt
01112338 T TKRA_DrawSpan_ZatModUtx2MortZt
011125F0 T TKRA_DrawSpan_ZatModBlUtx2MortZt
01112970 T TKRA_DrawSpan_LmapModTexMortZt
01112B1C T TKRA_DrawSpan_LmapModBlTexMortZt
01112D94 T BTM_UpdateWorldBlockOccCix2
01112E7C T TKRA_DrawSpan_LmapModUtx2MortZt
01113018 T TgvLz_DecodeBufferLZ4
011131A0 T TKRA_DrawSpan_LmapModBlUtx2MortZt
01113458 T memcmp
011134FC T tk_vf_register
01113528 T TKPE_UnpackBuffer
0111359C T strtoll
01113638 T TK_EnvCtx_SetEnvVar
011136C0 T TKMM_LVA_CinfTransPtr
011136F8 T tk_dbg_kbhit
01113724 T TKMM_MMCell_ChunkGetObjLen
0111379C T BCCX_ParseSpecialP
01113810 T BCCX_PeekToken
01113860 T BCCX_ParseExprR
01113930 T BCCX_AbxeDecodeMruTag
011139F0 T BCCX_AbxeDecodeMruStr
01113AB0 T BCCX_AbxeDecodeLitTag
01113BB8 T BCCX_AbxeDecodeLitStr
01113D00 T BCCX_AbxeParseExpr
01113D88 T BCCX_AbxeEncodeText
01113DD4 T tk_ps2kb_kbhit
01113E2C T tk_ps2getch
01113E68 T TKMM_LVA_ArrayInit
01114254 T tk_kbhit
011142B8 T TKFAT_GetClusterLBA
011142E4 T TKMM_FindFreePages
01114448 T TKRA_DrawSpan_ZatModTexMortClampZt
011144B4 T TKRA_DrawSpan_ZatModBlTexMortClampZt
01114520 T TKRA_DrawSpan_ZatModUtx2MortClampZt
0111458C T TKRA_DrawSpan_ZatModBlUtx2MortClampZt
011145F8 T tk_print_hex_genw
01114624 T BTM_BlockIsFluidP
0111465C T TKMM_SizeToFxiU
011146A4 T BTM_BlockForName
01114730 T TKMM_MMList_AllocObjCat
011148F0 T TKMM_MMList_GetPtrHeapIndex
01114960 T TKRA_DrawSpan_LmapModTexMortClampZt
011149CC T TKRA_DrawSpan_LmapModBlTexMortClampZt
01114A38 T BTM_LookupRegionForRix
01114AD8 T TKRA_DrawSpan_LmapModUtx2MortClampZt
01114B44 T TKRA_DrawSpan_LmapModBlUtx2MortClampZt
01114BB0 T __cytpe_init
01114BF0 T BTM_ModulateColorRgbForBlockLight
01114F70 T TK_Wad4_AllocImage
01114FE0 T tk_log2u
01115010 T tkfat_lfnchecksum
01115078 T TK_Wad4_CreateTempRamImage
01115218 T TKRA_GetTexImg
011152D8 T tk_ps2kb_scanhit
01115304 T TKRA_MatrixIdentify
01115388 T BTM_HashForBlkPos
011153D8 T TKRA_Matrix16fv
0111546C T TKRA_Matrix16dv
011155BC T TKFAT_WalkDirEntNext
01115E9C T TK_GetCurrentTask
01115EBC T TK_EnvCtx_GetEnvVar
01115F48 T TKFAT_LookupDirEntNameFlag
01115FD8 T BTM_SetWorldBlockCixNl
01116044 T TK_MMap_AllocIndex
011160A8 T tk_mmap2
01116170 T TKRA_PrimitiveGetGetPtrXYZ
01116348 T TKRA_PrimitiveGetGetPtrST
011163F4 T TKRA_PrimitiveGetGetPtrRGB
01116530 T TK_EnvCtx_AllocContext
011165DC T TK_Wad4_GetLumpDirMtime
0111663C T TK_AllocNewTask
011166E8 T tk_munmap2
01116914 T tk_mprotect2
0111695C T BTMGL_EmitLockArrays
01116974 T BTMGL_EmitUnlockArrays
0111698C T tk_msync2
011169A0 T TK_GetTaskProcessTask
011169EC T TK_Wad4_SizeToFxiU
01116A2C T TK_Wad4_FxiToSize
01116A60 T TKFAT_DosDateToEpoch
01116B0C T __xbi_clz
01116B94 T TK_Wad4_AllocateNewLump
01116C48 T TKRA_GpaHashName
01116C94 T BTM_AllocTempBuffer
01116DD0 T BTM_LoadFileI
01116F7C T BTM_LoadFileNp
01116FBC T BTM_RegionAllocSpan
01117040 T BCCX_ParseExpr
0111707C T TgvLz_CalcHash
011170B0 T TgvLz_CalcHashB
011170EC T TgvLz_CheckMatch
01117164 T BTM_LookupMenuNode
0111724C T TgvLz_EstRawCost
011172DC T TKFAT_ReadWriteDirEntFile
011175D8 T TgvLz_CalculateImagePel4BChecksum
011176AC T TgvLz_DoEncodeSafe
01117840 T BTM_GenerateBaseHeightXY
01117AE4 T TgvLz_CreateContext
01117B94 T BTM_InstGetVarInt
01117D2C T BTM_InstGetVarStr
01117F80 T BTM_InstBindVarIntI
0111813C T TK_Wad4_LookupLumpName
011181AC T BTM_InstanceStructureNodeAt
01118A1C T TK_Wad4_LookupDirName
01118AA8 T TK_Wad4_LookupLumpPathI
01118C08 T BTMGL_LoadSpriteForName
01118C98 T BCCX_Init
01118D42 T BTM_RunTickMobBasic
01118F0C T TK_Wad4_CreateNewLumpBasic
0111902C T bccx_tmalloc
01119064 T pow
011190E0 T vsprintf
01119144 T __get_stdin
01119164 T BTM_MenuDownP
0111918C T TK_Wad4_UnlinkLumpPath
011191F2 T tk_wad4_fread
01119314 T TKMM_LVA_AllocBigInt
0111938E T tk_wad4_fwrite
011194C0 T TKSPI_DelayUSec
011194D4 T TKSPI_WaitReady
01119528 T TKSPI_Deselect
01119554 T TKMM_MMList_GetPtrLnkObj
01119650 T tk_readdir
011196BC T BCCX_GetAttrNameCst
01119720 T TK_GetTimeMs
01119784 T BTM_MenuInit
01119920 T vvprintf
01119E3C T BCCX_GetInt
01119E8C T BTM_MenuCheckInterpolateText
0111A07C T tk_unlink2
0111A1D0 T tk_rename2
0111A608 T __lva_conv_fromptr
0111A654 T _fcn_clz128
0111A810 T BTM_ConPrintString
0111A860 T BCCX_NewCstIx
0111A89C T BTM_CvarGetStr
0111AAA4 T tk_fwrite
0111AB28 T BCCX_AddEnd
0111ABAC T tk_ftell
0111AC1C T BCCX_New1
0111AC5C T TKMM_MMCell_ChunkFindObjBase
0111ACB8 T TKFAT_GetSectorStaticBuffer
0111AE58 T __alloca_noframe
0111AEC8 T tk_opendir2
0111B0B8 T BCCX_CloneS
0111B0D0 T BCCX_ClearZoneLevel
0111B234 T TK_VMem_FindFreeVirtPages
0111B374 T BTM_SetWorldBlockCix
0111B3F0 T TK_DevFS_AddDevice
0111B45C T TKSPI_SetSpeed
0111B498 T __exit
0111B4C8 T TK_Wad4_ZFreeBlock
0111B59C T TKMM_LVA_ReAlloc
0111B614 T TK_Wad4_ZChangeTagEvict
0111B644 T TKRA_DrawSpan_BlendModTexMort
0111B7B8 T TKRA_DrawSpan_BlendModBlTexMort
0111B9C8 T TKRA_DrawSpan_BlendModUtx2Mort
0111BB2C T TKRA_DrawSpan_BlendModBlUtx2Mort
0111BDA4 T TKRA_DrawSpan_BlendModTexMortZt
0111BFC4 T TKRA_DrawSpan_BlendModBlTexMortZt
0111C264 T TKRA_DrawSpan_BlendModUtx2MortZt
0111C47C T TKRA_DrawSpan_BlendModBlUtx2MortZt
0111C750 T BCCX_SetFloatCstIx
0111C7D4 T BTM_FreeMul64K
0111C828 T BTM_FreeMul256B
0111C890 T tk_msize
0111C8C8 T tk_print_hex
0111C9A4 T BTM_RegionAllocSetCell
0111CA40 T TKSPI_Select
0111CA84 T tk_mount_wad4temp
0111CB60 T call_constraint_handler_s
0111CBAC T TKMM_LVA_WrapFlonum
0111CBD8 T TKMM_LVA_ObjrefGetTypeTag
0111CC68 T __lvo_loadindex_var
0111CE98 T TK_MMap_VaPageFree
0111CEF4 T BTM_GenTree
0111D048 T tk_con_init
0111D0F4 T tk_con_clear
0111D1B8 T BTM_InstRelight
0111D2C2 T tk_sysc_fread
0111D388 T tk_sysc_fwrite
0111D43C T TK_Con_SetColorFg
0111D478 T TKMM_LVA_WrapString
0111D4D8 T TKRA_DumpVec4
0111D580 T TK_Con_SetColorBg
0111D5BC T BTM_UpdateBlockLightForRCixR
0111D958 T tk_con_newline
0111D9C0 T tk_closedir
0111DA2C T TKMM_LVA_NewCons
0111DABC T TKMM_LVA_UnwrapFlonum
0111DAD8 T BCCX_AbxeEncodeNode
0111DC04 T TKFAT_SetDirEntCluster
0111DC70 T thLockMutex
0111DC84 T thUnlockMutex
0111DC98 T tkmm_lva_oprmul_bigig
0111DD2C T TKMM_LVA_UnwrapPointer
0111DD54 T tkmm_lva_oprdiv_bigig
0111DDE8 T tkra_getptr_v4f_null
0111DE24 T BTM_SpawnRegionEntity
0111E068 T BTM_SpawnWorldGlobal
0111E5B4 T BTM_CvarSetStr
0111E774 T tkmm_lva_oprmod_bigig
0111E808 T tkmm_lva_oprand_bigig
0111E8A8 T tkmm_lva_opror_bigig
0111E948 T tkmm_lva_oprxor_bigig
0111E9E8 T TKRA_DrawPrimitiveIndexArrayBasic
0111F864 T TKMM_LVA_ObjLookupField
0111F994 T TKMM_LVA_TryGetSigSize
0111FA28 T TKMM_LVA_TryGetSigTty
0111FC5C T TKMM_LVA_VarObjFetchKeyR
0111FDFC T TKMM_LVA_VarObjTrySetKeyR
0111FFA4 T TK_GetHandleForPtr
01120010 T BTM_CvarNudge
01120140 T TKFAT_UpdateDirEnt
011201A8 T TKPE_TryLoadProgramImage
01120338 T BTM_ConMsgScrollUp
011203C0 T BTM_ConPrintf
01120460 T TKPE_LookupImageDllExport
011205A0 T TKFAT_DeleteDirEnt
01120624 T BCCX_PrintBuf
01120B48 T __xlf_rcp
01120D10 T tk_fclose
01120D7C T TK_YieldCurrentThreadB
01120EA8 T tk_fsctl2
01121024 T __vnf_c2f_rcp
011210A8 T __vnf_vqf_rcp
01121180 T TK_Wad4_LumpEvFunc
011211AC T TK_EnvCtx_SetEnvVarI
01121388 T TKFAT_SetFatEntry
01121580 T __lva_conv_tostring
011217FC T isalpha
01121844 T BTM_GenerateBaseRegion
01121BCC T TK_Wad4_ZAllocBlock
01121C28 T tk_sprint_decimal
01121D28 T BCCX_NewList
01121D68 T tk_sprint_decimal_n
01121E4C T fclose
01121EA4 T tkfat_ucs2asc
01121F0C T __lva_conv_fromi128
01121F44 T TKMM_PageToPointer
01121F6C T BCCX_Text
01121FB0 T __lva_mul_gen
01121FF0 T __lva_div_gen
01122030 T BCCX_AttrIsP
011220D0 T __lva_mod_gen
01122110 T BCCX_Child
01122150 T BCCX_FindTagIx
011221D8 T BCCX_FindTag
0112221C T BCCX_Fetch
011222AC T BCCX_MarkNodeListZone
01122354 T BCCX_MarkAttrListZone
0112244C T __xli_sdiv
0112254C T tk_print_hex_n
01122684 T tkfat_lfn2utf8
011226FC T BCCX_SizeNodeAttr
01122870 T BCCX_PrintBufNodeAttr
01122A70 T BCCX_CheckNodeAttrNode
01122B4C T BCCX_GetPos
01122B68 T TK_Wad4_FreeImage
01122B98 T tk_print_decimal
01122C8C T tk_print_decimal_n
01122D64 T tkfat_sfn2utf8
01122F54 T TK_Wad4_OpenImage
011232A4 T BCCX_ParseContSpecialP
01123308 T tkfat_memcmp11
0112336C T BCCX_ParseText
01123754 T BCCX_ParseCheckTokenValidIntP
011238C0 T BCCX_ParseCheckTokenValidRealP
011239B4 T BCCX_ParseTag
01123E34 T tk_ralloc
01123EF0 T BCCX_ParseExprStr
01123F8C T BCCX_AbxeParseStringLong
01124024 T TKFAT_CheckDebMebMatch
01124082 T BCCX_AbxeDecodeFp8ToDouble
01124128 T BCCX_AbxeDecodeFp16ToDouble
011241C0 T TKMM_PointerToPage
011241E4 T TK_ConGetCtxV
01124244 T TKFAT_LookupDirEntName
011242A8 T TK_VMem_CheckAddrIsVirtual
011242D4 T BCCX_AbxeParseAttrib
011245AC T BCCX_AbxeParseTag
011248AC T TKFAT_LookupDirEntNameQuick
01124910 T TK_Wad4_GetLumpDirChild
0112494C T TK_Wad4_GetLumpDirNext
01124998 T TKMM_LVA_TagInit
01124A24 T tk_con_scroll_up
01124AE8 T TKMM_LVA_GetTagInfoForName
01124BCC T examine
01125C74 T TK_Wad4_GetLumpDirRawLink
01125D44 T TK_Wad4_GetLinkPBase
01125E6C T TK_Wad4_GetLumpDirBaseLink
0112607C T __open
01126214 T tk_ps2kb_tryscanch
01126254 T TKFAT_GetDirEntCTime
011262BC T tk_ps2kb_updatei
01126514 T tk_ps2trygetch
01126588 T TKPE_UnpackL4
01126784 T TK_Wad4_GetCacheLumpNumOffs
0112698C T TKFAT_GetDirEntMTime
011269F4 T TKFAT_GetDirEntMode
01126A84 T TKFAT_GetDirEntUid
01126AC0 T TK_TaskAddPageAlloc
01126B40 T TK_Wad4_AllocateNewFragLump
01126B78 T TKRA_DrawSpan_BlendModTexMortClamp
01126BE4 T BTM_BlockIsOrientedP
01126C3C T BTM_BlockMiniDesc
01126C74 T TKRA_DrawSpan_BlendModBlTexMortClamp
01126CE0 T BTM_RaycastStepVector
01126D20 T TKRA_DrawSpan_BlendModUtx2MortClamp
01126D8C T TKRA_DrawSpan_BlendModBlUtx2MortClamp
01126DF8 T TKRA_DrawSpan_BlendModTexMortClampZt
01126E64 T TKRA_DrawSpan_BlendModBlTexMortClampZt
01126ED0 T TKRA_DrawSpan_BlendModUtx2MortClampZt
01126F3C T TKRA_DrawSpan_BlendModBlUtx2MortClampZt
01126FA8 T TK_WithKrrSetuidB
011274BC T TK_EnvCtx_GetEnvVarIdx
01127534 T TK_Wad4_GetCacheExpandLumpNumOffs
01127838 T BTM_SpawnRegionEntities
011278B0 T BTM_FlattenRegionLiveEntities
01127BD0 T BTM_FlattenWorldGlobalState
01127FAC T TK_Wad4_HashIndexForName16
01127FEC T TKFAT_GetDirEntGid
01128028 T TK_AllocNewTlsB
01128084 T TK_SpawnNewThreadB
01128258 T TK_GetThreadStatusB
0112829C T __seek
011282EC T TK_EnvCtx_GetPathList
01128314 T BTM_WorldCorgToRix
01128364 T BTM_ScaleRayVectorFourth
01128444 T TK_Wad4_LookupLumpNameW2
01128554 T BTM_WorldCameraDistCix
011286A0 T BTM_RaycastInitTables
011289AC T TK_EnvCtx_CloneContext
01128A50 T BTM_CheckWorldMagic
01128AC8 T TK_EnvCtx_SetCwd
01128B1C T TKRA_Blend_Zero_Zero
01128B38 T BTM_LockMalloc
01128B88 T BTM_UnlockMalloc
01128BBC T TK_EnvCtx_GetEnvVarI
01128C4E T TKRA_Blend_SrcAlpha_OneMinusSrcAlpha
01128CE8 T BTM_ConvRixToBlkPos
01128D1C T BTM_ConvRcixToCorg
01128D98 T TK_EnvCtx_GetCwd
01128E3C T BTM_ConvCorgToBlkPos
01128E88 T TKRA_Brk
01128ED0 T TKRA_MallocIndexForSize
01128F0C T TKRA_SizeForIndex
01128F34 T TKFAT_CreateSdFatContext
01128F90 T BTM_UpdateWorldBlockOccBlkCheck
01129038 T TKSPI_ChipSel
011290C4 T TKMM_MMList_AllocBrk
01129100 T TKRA_AllocTexImg
0112915C T TK_FindFreePid
011291D4 T TKRA_GetPixel555Alpha
01129224 T TKRA_EncodeImgMortUtx2
011292A0 T TKRA_UpdateTexImg
011298BC T TKRA_UpdateTexImgUtx2
01129D1C T TKRA_ConvBlockDxt1ToUtx2A
01129F34 T BTM_TryGetWorldBlockXYZ
01129FA8 T TKRA_ConvBlockDxt1ToUtx2B
0112A1A8 T BTM_AllocWorld
0112A22C T BTM_GetWorldTimeHhMm
0112A2C0 T TKRA_ConvBlockDxt5ToUtx2
0112A518 T TK_Wad4_CreateNewLumpDir
0112A580 T TKRA_UpdateTexImgDxt1
0112A774 T TKRA_SetupForState
0112A7A4 T TK_GetTimeUs
0112A7C8 T TKRA_AllocContext
0112A80C T TKRA_RecalcViewport
0112A940 T TKMM_GetSize
0112A9D4 T BTMGL_EmitBlockFaces
0112B1D4 T TKMM_MMCell_GetLnkObjCellSize
0112B2A4 T BTM_AabbCheckCollide
0112B34C T TKRA_MatrixTranspose
0112B4B8 T TK_Wad4_CreateLink
0112B58C T FS_LoadFile
0112B694 T __tell
0112B6E8 T tk_wad4_mount
0112B838 T BTM_AllocMul4K
0112B8E4 T tk_wad4_fopen
0112BBE4 T tk_wad4_opendir
0112BE44 T tk_wad4_mkdir
0112BEAC T __xbi_umul
0112C038 T BTM_StoreFile
0112C0D0 T tk_wad4_rmdir
0112C128 T tkra_getptr_rgba_null
0112C148 T BTM_RegionMarkAllocCellSpan
0112C21C T BTM_RegionMarkFreeCellSpan
0112C2F8 T BTM_RegionFindFreeSpan
0112C3C4 T BTM_RegionCheckExpand
0112C638 T __xbi_udiv
0112C92C T tk_wad4_unlink
0112C984 T BTM_AllocRegion
0112CA22 T tk_wad4_rename
0112CB04 T BTM_WorldCheckMinDecBuf
0112CBB0 T BTM_WorldCheckMinEncBuf
0112CC5C T BTM_WorldCheckMinEnc2Buf
0112CD08 T TKRA_PrimitiveGetGetPtrIndex
0112CDB4 T BTM_RegionDoLoadChunkCix
0112D2F0 T BTM_RegionDoStoreChunkCix
0112D774 T TKRA_Mat4F_Identity
0112D820 T BTM_FlattenRegion
0112DDC8 T atan2
0112DF1C T tk_wad4_fseek
0112E040 T tk_wad4_ftell
0112E05C T TKRA_Vec4F_DotProduct
0112E0C4 T BTM_SetupLocalSeedXY
0112E1B0 T tk_wad4_fclose
0112E200 T tk_wad4_fgetc
0112E28C T tk_wad4_fputc
0112E318 T tk_wad4_fioctl
0112E330 T tk_wad4_fsend
0112E348 T btm_abspow
0112E3C8 T tk_wad4_frecv
0112E3F8 T tk_wad4_readdir
0112E5DC T tkra_glVertex4fv
0112E624 T tkra_glLoadMatrixI
0112E70C T tkra_glMultMatrixI
0112E83C T tk_wad4_closedir
0112E898 T tkra_glRotatef
0112E940 T BTM_InstBindVarRealI
0112EB28 T BTM_InstBindVarStrI
0112ED36 T tkra_glScalef
0112EDB0 T tkra_glTranslatef
0112EE20 T BTM_UpdateGetBlockLightEbl
0112EEB0 T BTM_UpdateBlockLightBlendColors
0112EFC4 T tkra_teximg_packrgba
0112EFF8 T BTM_GetLightForRCix
0112F0A0 T BTM_GetLightForXYZ
0112F104 T BTM_GetColorRgbForBlockLight
0112F368 T BTM_CountRegionEntityClass
0112F3C8 T tkra_glTexImage2D
0112F9C8 T TKMM_MallocURo
0112FA04 T BTM_LockSprites
0112FA54 T BTM_UnlockSprites
0112FA88 T BTM_AllocSprite
0112FAF0 T TK_VF_FlagsFromModeString
0112FBD0 T tkra_glTexParameteri
0112FD78 T BTMGL_LoadTextureForName
0112FEA4 T BTM_AllocWorldMob
0112FF0C T BTM_MobGetImpulsePos
0112FF60 T BTM_CheckMobCanMoveSpot
011300C8 T TKMM_MallocKrn
01130104 T BTM_MobCalcDistanceXY
01130168 T BTM_MobCalcDistanceZ
01130198 T BTM_CheckForEntityClass
01130268 T tkra_wglGetProcAddress
011303C4 T BCCX_Set
01130418 T tk_opendir
01130464 T tk_fat_fread
011304FC T tk_fat_fwrite
011305D4 T TKSPI_InitDevice
011308E8 T TgvLz_HashByte
01130990 T BTM_CalcRayDistApprox
01130AFC T BTM_CalcRayStepVector
01130CA8 T BTM_QueryWorldEntitiesAtPos
01130EC0 T BTM_QueryWorldEntityForRay
01130F98 T tk_multidir_hashname
01131024 T tk_multidir_create
011310E8 T BTM_InvenOpenP
01131108 T TK_DateToEpochUsec
0113123C T BTM_ConDownP
0113125C T TgvLz_LookupMatchB
01131440 T TgvLz_MatchCopy2
011315A8 T TgvLz_RawCopyB
011315E8 T FS_Wad4GetFragsForLump
01131774 T TKMM_MallocUsr
011317B0 T FS_Wad4PathForLump
01131860 T FS_GetWad4LumpSize
0113189C T FS_LoadWad4
011319EC T FS_Wad4LookupLumpForName
01131AA8 T frexp
01131B24 T tkfat_setDWord
01131B54 T TgvLz_SetLevel
01131B90 T TKMM_LVA_StrEncodeLengthRev
01131D80 T TKMM_LVA_StrdupPfx
01131F64 T TKMM_Free
01131FEC T dblcvt
011327D0 T tk_atoi
011328CC T TKMM_MMList_AddVrmBrk
011329B4 T TKMM_MMList_MProtectCat
01132A6A T main
011347F8 T BTM_MenuGetNodeAttrInt
01134884 T BTM_LoadMenu
01134AE8 T BTM_CvarGetStrUI
01134BE4 T __exita
01134C24 T tkmm_lva_opradd_bigig
01134CC4 T tkmm_lva_oprsub_bigig
01134D64 T __get_cmdline
01134DB0 T TK_VMem_VaEvictPageIndex
01134E28 T TKFAT_UnlinkClusterChain
01134EA0 T tk_fioctl
01134F1C T bccx_rmemdup
01134F68 T BTM_ConAddCommand
01134FD4 T BTM_ConScrollUp
01135054 T bccx_split
01135244 T __get_cmdenv
01135260 T exp
011352D8 T TKMM_MMList_MallocCat
0113533A T BTM_CvarSetInt
01135454 T tk_dbg_putc
0113548C T TK_VMem_GetPageVAddr
011354B8 T BCCX_LookupAttrVal
01135520 T tk_dbg_getch
01135560 T tk_con_putc
0113571C T TK_VMem_GetPagePidx
01135744 T TK_VMem_MapAddrToPhysIdx
01135788 T log
011358A0 T TKMM_LVA_VarObjFetchKey
01135910 T TKMM_MMList_FreeLnkObj
011359C0 T tkfat_name2sfn
01135B0C T BCCX_SetCstIx2
01135B98 T BCCX_SetIntCstIx
01135C1C T __sdivsq
01135C58 T __unlink
01135CDC T __rename2
01135DA8 T BCCX_SetNodeIndex
01135F54 T tk_sprint_hex
0113602C T fsqrt_approx
01136078 T tk_sprint_hex_n
011361B2 T tkra_glTexCoord3sv
01136238 T tkra_glTexCoord3iv
011362B8 T tkra_glTexCoord3fv
01136322 T tkra_glTexCoord3dv
01136388 T tkra_glTexCoord4sv
011363FC T tkra_glTexCoord4iv
01136470 T tkra_glTexCoord4fv
011364C0 T tkra_glTexCoord4dv
01136518 T tkra_glVertex2s
01136594 T tkra_glVertex2i
01136610 T tkra_glVertex2f
0113667A T tkra_glVertex2d
011366F8 T tkra_glVertex3s
01136798 T tkra_glVertex3i
01136824 T tkra_glVertex3f
01136890 T tkra_glVertex3d
01136918 T tkra_glVertex4s
011369D4 T tkra_glVertex4i
01136A74 T tkra_glVertex4f
01136AD4 T tkra_glVertex4d
01136B40 T tkra_glVertex2sv
01136BBC T tkra_glVertex2iv
01136C38 T tkra_glVertex2fv
01136C90 T tkra_glVertex2dv
01136D04 T tkra_glVertex3sv
01136DA4 T tkra_glVertex3iv
01136E30 T tkra_glVertex3fv
01136E9C T tkra_glVertex3dv
01136F14 T tkra_glVertex4sv
01136FB0 T tkra_glVertex4iv
0113704C T fwriteSlowB
01137246 T tkra_glVertex4dv
011372C8 T tkra_glNormal3b
01137350 T tkra_glNormal3d
011373AC T tkra_glNormal3f
01137404 T tkra_glNormal3i
0113748C T tkra_glNormal3s
01137514 T tkra_glNormal3bv
0113759C T tkra_glNormal3dv
01137600 T tkra_glNormal3fv
01137658 T tkra_glNormal3iv
011376E0 T tkra_glNormal3sv
01137768 T tkra_glArrayElement
011378F0 T tkra_glLockArraysEXT
01137904 T tkra_glUnlockArraysEXT
01137918 T tkra_glMatrixMode
0113797A T tkra_glPushMatrix
01137AD0 T tkra_glPopMatrix
01137C58 T tkra_glLoadIdentity
01137DC4 T TKFAT_SyncDirEntFile
01137E04 T exit
01137E34 T tkra_glViewport
01137EA0 T tkra_glLoadMatrixd
01137EFC T tkra_glLoadMatrixf
01137F58 T tkra_glMultMatrixd
01137FB4 T vfprintf
01138020 T atof
01138060 T TKMM_MmapV
01138134 T tk_devfs_mount
01138148 T tkra_glRotated
011381B4 T tkra_glScaled
01138210 T tkra_glTranslated
0113826C T tkra_glOrtho
0113832C T tkra_glFrustum
011383EC T tk_devfs_fopen
011384F4 T tk_devfs_opendir
01138584 T __xbi_smul
011385C4 T tk_devfs_readdir
0113864C T tk_devfs_closedir
0113869C T tk_devfs_init
011386D8 T __xbi_sdiv
01138858 T tkra_glTexSubImage2D
01138968 T tkra_glCompressedTexImage2D
01138A6C T tkra_glBindTexture
01138AE8 T TKMM_MunmapV
01138B90 T tkra_glTexParameterf
01138C2C T tkra_glTexParameterfv
01138C40 T tkra_glTexParameteriv
01138C54 T tkra_glTexEnvi
01138CD8 T tkra_glTexEnvf
01138D5C T tkra_glShadeModel
01138D70 T tkra_glDeleteTextures
01138E38 T tkra_glClearDepth
01138EAC T tkra_glDepthFunc
01138FC8 T tkra_glDepthMask
01139064 T tkra_glDepthRange
011390E4 T tkra_glClearIndex
011390F8 T tkra_glClearColor
011391D8 T tk_mount_devfs
01139258 T tkra_glClear
0113935C T tkra_glIndexMask
01139374 T tkra_glColorMask
0113938C T tkra_glAlphaFunc
011394EC T tkra_glBlendFunc
011396A4 T tkra_glLogicOp
011396BC T tkra_glCullFace
01139760 T tkra_glFrontFace
011397E4 T tkra_glPointSize
011397F8 T tkra_glLineWidth
0113980C T tkra_glLineStipple
01139820 T tkra_glPolygonMode
01139834 T tkra_glPolygonOffset
01139848 T tkra_glPolygonStipple
0113985C T tkra_glGetPolygonStipple
01139870 T tkra_glEdgeFlag
01139888 T tkra_glEdgeFlagv
011398A0 T tkra_glScissor
011398B4 T tkra_glClipPlane
011398C8 T tkra_glGetClipPlane
011398E0 T tkra_glDrawBuffer
011398F4 T tkra_glReadBuffer
01139908 T tkra_glEnable
01139A24 T tkra_glDisable
01139B54 T tkra_glIsEnabled
01139B6C T tkra_glEnableClientState
01139C64 T tkra_glDisableClientState
01139D60 T tkra_glGetBooleanv
01139D7C T tkra_glGetDoublev
01139DC8 T tkra_glGetFloatv
01139E14 T tkra_glGetIntegerv
01139E4C T tkra_glPushAttrib
01139E64 T tkra_glPopAttrib
01139E7C T tkra_glPushClientAttrib
01139E94 T tkra_glPopClientAttrib
01139EAC T tkra_glRenderMode
01139EC4 T tkra_glGetError
01139EDC T tkra_glGetString
01139F44 T tkra_glFinish
01139F58 T tkra_glFlush
01139F6C T tkra_glHint
01139F80 T TKMM_MProtectV
0113A028 T TKMM_MSyncV
0113A0D0 T TKMM_MmapL
0113A144 T TKMM_MunmapL
0113A1A8 T TKMM_MProtectL
0113A218 T tk_wad4tmp_mount
0113A274 T tk_wad4_init
0113A2C0 T tk_bdram_init
0113A328 T TKMM_MSyncL
0113A398 T tk_bdspi_fopen
0113A41C T tk_bdspi_fread
0113A4FC T tk_bdspi_fwrite
0113A5DC T tk_bdspi_fseek
0113A6CC T tk_fat_mount
0113A6E0 T TgvLz_HashStr
0113A728 T tk_fat_fopen
0113A850 T tk_fat_opendir
0113A9E4 T tk_fat_unlink
0113AAA8 T tk_fat_rename
0113ABE8 T tk_fat_mkdir
0113ACB0 T tk_fat_rmdir
0113AD74 T TgvLz_RawCopy
0113ADC8 T tk_bdspi_ftell
0113ADE4 T TgvLz_EncodeBufferRP2
0113B44C T tk_bdspi_fclose
0113B49C T tk_fat_fseek
0113B58C T tk_fat_ftell
0113B5A8 T TKMM_LVA_InitTagOpr
0113B870 T tk_fat_fclose
0113B8D4 T tk_fat_fgetc
0113B954 T tk_fat_fputc
0113B9D4 T tk_fat_fioctl
0113B9EC T __lvo_storeindex_var
0113BBE0 T tk_fat_readdir
0113BCD0 T tk_fat_closedir
0113BD2C T tk_fat_init
0113BD68 T tk_mount_sdfat
0113BE8C T tk_sysc_mount
0113BEA0 T tk_sysc_fopen
0113BF94 T tk_sysc_opendir
0113C0A0 T tk_sysc_rename
0113C184 T tk_bdspi_fgetc
0113C214 T tk_bdspi_fputc
0113C2A8 T tk_sysc_fseek
0113C354 T tk_sysc_ftell
0113C3FC T tk_sysc_fclose
0113C490 T tk_sysc_fgetc
0113C51C T tk_sysc_fputc
0113C5A8 T tk_sysc_fioctl
0113C654 T tk_sysc_fsend
0113C73C T tk_sysc_frecv
0113C824 T tk_sysc_readdir
0113C8E4 T tkmm_lva_opradd_bigi
0113C960 T tkmm_lva_oprsub_bigi
0113C9DC T tk_sysc_closedir
0113CA80 T tk_sysc_init
0113CABC T tk_mount_sysc
0113CB08 T tk_multidir_closedir
0113CB9C T tk_multidir_readdir
0113CD38 T tk_multidir_fioctl
0113CD50 T tk_bdspi_fioctl
0113CD64 T TKMM_MMList_Init
0113CDC4 T tk_bdspi_init
0113D03C T tk_bdvfb_fopen
0113D0D0 T tk_bdvfb_fread
0113D1A0 T tk_bdvfb_fwrite
0113D2E4 T tk_bdvfb_fseek
0113D3D4 T tk_bdvfb_ftell
0113D3F0 T tk_bdvfb_fclose
0113D440 T BCCX_SetInt
0113D494 T BCCX_SetFloat
0113D4E8 T TK_FindFreeObjHandle
0113D530 T TKMM_LVA_TryGetSigPtrVar
0113D818 T TK_LookupHandleForPtr
0113D87C T TKMM_LVA_TryObjGetFieldVar
0113D908 T TKMM_LVA_TryObjSetFieldVar
0113D990 T tk_bdvfb_fgetc
0113DA20 T tk_bdvfb_fputc
0113DAB4 T tk_bdvfb_fioctl
0113DAC8 T TKMM_LVA_VarObjSetKey
0113DD30 T TK_Env_SetCwd
0113DD68 T tk_bdvfb_fsend
0113DF54 T tk_fmount
0113E010 T tk_bdvfb_frecv
0113E028 T BCCX_AddV
0113E164 T tk_rmdir2
0113E2B8 T tk_mkdir2
0113E418 T stricmp
0113E4A8 T tk_bdvfb_init
0113E544 T tk_rename
0113E58C T __close
0113E5D4 T TKMM_InitMMap
0113E6A0 T tk_fstat2
0113E800 T TKMM_InitBootParm
0113E92C T tk_vsprintf
0113EC18 T strtod
0113EE40 T TKMM_MMCell_FreeLnkObjCellPtr
0113EF2C T strrchr
0113EF90 T tk_fsend
0113F028 T tk_frecv
0113F0C0 T strtoull
0113F248 T tk_hfstat
0113F2A0 T tk_hfsctl
0113F2FC T BCCX_PrintBufSpecial
0113F9EC T BCCX_PrintBufNodeAttrNode
0113FD70 T tk_hunlink
0113FDC0 T bccx_print_fd
0113FE14 T BCCX_PrintFD
0113FE60 T BCCX_Print
0113FEA0 T tk_hrmdir
0113FEF0 T BCCX_SetPos
0113FF08 T tk_hmkdir
0113FF60 T tk_hrename
0113FFBC T __sfp_frcpa_f64
0114002C T tk_hfopen
0114012C T tk_hread
011401A8 T tk_hwrite
01140224 T tk_hseek
011402C4 T tk_hclose
01140324 T tk_hioctl
011403AC T tk_hsend
0114044C T tk_hrecv
011404EC T BCCX_ParseAttr
0114076C T TKMM_FreePages
01140814 T tk_hopendir
0114088C T tk_hreaddir
01140950 T tk_hclosedir
0114099C T TKSPI_ReadData
01140CF4 T TKSPI_WriteData
01140D8C T TKMM_PageAllocL
01140E00 T tk_putc_i
01140E84 T TKMM_PageFreeL
01140EEC T tk_putc_v
01140F74 T TKSPI_PowerOff
01140FA0 T tk_kbhit_i
01141008 T BCCX_AbxeEncodeStr
01141234 T BCCX_AbxeEncodeInt
01141560 T BCCX_AbxeEncodeFloat
011417D4 T BCCX_AbxeEncodeNodeNodeAttr
01141928 T BCCX_AbxeEncodeNodeSpecial
01141A34 T BCCX_AbxeEncodeNodeNodeAttrNode
01141BA4 T tk_getch_i
01141C3C T tk_kbhit_v
01141CB4 T tk_getch_v
01141D2C T TK_VMem_Init
011420E8 T tk_puts_n
01142138 T TK_VMem_AddSdSwap
011421C8 T tk_print_hexptr
0114220C T TK_VMem_UnlinkPageHash
011422E4 T tk_print_float
01142360 T TK_VMem_UnlinkPageLRU
01142440 T TK_VMem_AddPageFrontHash
011424A0 T TK_VMem_AddPageFrontLRU
011424E8 T TKMM_PageAllocV
01142570 T TKMM_PageFreeV
01142608 T TK_VMem_MapVirtToPhysIdx
01142744 T TK_VMem_MapPhysIdxToPageNum
0114276C T TK_ExitV
011427D4 T tk_con_getctx
011427F0 T TK_VMem_AllocVirtPages
01142888 T TK_VMem_FreeVirtPages
01142924 T TKFAT_SyncSectorTempBuffer
01142A04 T TKFAT_SyncSectorStaticBuffer
01142ADC T TKFAT_SyncSectorTempFatBuffer
01142BE0 T tk_con_scroll_down
01142CA4 T TKFAT_SyncSectorBuffers
01142CEC T TKMM_Init
01142E04 T TKFAT_ReadImageMBR
01142F98 T TK_Wad4_ZFree
01142FD4 T TK_Wad4_ZEvictCache
0114307C T TK_Con_PutcEscapeSgr
01143418 T TK_Con_PutcEscape
0114381C T TK_Wad4_ZCheckEvictCache
01143860 T TKFAT_ReadImageFAT
01143CB8 T TKFAT_ReadWriteSector
01143D60 T TK_Wad4_SetLumpSize
01143DC0 T tk_ps2addkeyevword
01143E50 T tk_unlink
01143E8C T TKRA_Blend_Zero_One
01143EA4 T TKRA_Blend_Zero_SrcColor
01143F00 T TKRA_Blend_Zero_SrcAlpha
01143F90 T TKRA_Blend_Zero_DstColor
01144008 T TKRA_Blend_Zero_DstAlpha
01144098 T TKRA_Blend_Zero_OneMinusSrcColor
011440F0 T BTM_PGL_InitOpenGlFuncs
011445DC T TKRA_Blend_Zero_OneMinusSrcAlpha
0114466C T TKRA_Blend_Zero_OneMinusDstColor
011446E4 T TKRA_Blend_Zero_OneMinusDstAlpha
01144774 T TKRA_Blend_One_Zero
0114478C T TKRA_Blend_One_One
011447E4 T TKRA_Blend_One_SrcColor
0114484C T TKRA_Blend_One_SrcAlpha
011448CC T TKRA_Blend_One_DstColor
01144934 T TKRA_Blend_One_DstAlpha
011449B8 T TKRA_Blend_One_OneMinusSrcColor
01144A20 T TKRA_Blend_One_OneMinusSrcAlpha
01144AA0 T TKRA_Blend_One_OneMinusDstColor
01144B08 T TKRA_Blend_One_OneMinusDstAlpha
01144B8C T TKRA_Blend_SrcColor_Zero
01144BE4 T TKRA_Blend_SrcColor_One
01144C4C T TKRA_Blend_SrcColor_SrcColor
01144CC4 T TKRA_Blend_SrcColor_SrcAlpha
01144D54 T TKRA_Blend_SrcColor_DstColor
01144DCC T TKRA_Blend_SrcColor_DstAlpha
01144E5C T TKRA_Blend_SrcColor_OneMinusSrcColor
01144ED4 T TKRA_Blend_SrcColor_OneMinusSrcAlpha
01144F64 T TKRA_Blend_SrcColor_OneMinusDstColor
01144FDC T TKRA_Blend_SrcColor_OneMinusDstAlpha
0114506C T TKRA_Blend_SrcAlpha_Zero
011450D4 T TKRA_Blend_SrcAlpha_One
0114514C T TKRA_Blend_SrcAlpha_SrcColor
011451D8 T TKRA_Blend_SrcAlpha_SrcAlpha
01145264 T TKRA_Blend_SrcAlpha_DstColor
011452F0 T TKRA_Blend_SrcAlpha_DstAlpha
01145390 T TKRA_Blend_SrcAlpha_OneMinusSrcColor
0114541C T TK_AllocNewTlsGbl
0114544C T TKRA_Blend_SrcAlpha_OneMinusDstColor
011454D8 T BTM_RaycastSceneQuad
011459CC T TKRA_Blend_SrcAlpha_OneMinusDstAlpha
01145A70 T TKRA_Blend_OneMinusSrcColor_Zero
01145AC8 T TKRA_Blend_OneMinusSrcColor_One
01145B30 T TKRA_Blend_OneMinusSrcColor_SrcColor
01145BA8 T TKRA_Blend_OneMinusSrcColor_SrcAlpha
01145C34 T BTMRA_RastInitTables
01145D4C T TKRA_Blend_OneMinusSrcColor_DstColor
01145DC4 T TKRA_Blend_OneMinusSrcColor_DstAlpha
01145E50 T TKRA_Blend_OneMinusSrcColor_OneMinusSrcColor
01145EC8 T TKRA_Blend_OneMinusSrcColor_OneMinusSrcAlpha
01145F54 T TKRA_Blend_OneMinusSrcColor_OneMinusDstColor
01145FCC T TKRA_Blend_OneMinusSrcColor_OneMinusDstAlpha
0114605C T TKRA_Blend_OneMinusSrcAlpha_Zero
011460C8 T TKRA_Blend_OneMinusSrcAlpha_One
01146144 T TKRA_Blend_OneMinusSrcAlpha_SrcColor
011461D4 T TKRA_Blend_OneMinusSrcAlpha_SrcAlpha
01146264 T TKRA_Blend_OneMinusSrcAlpha_DstColor
011462F4 T TKRA_Blend_OneMinusSrcAlpha_DstAlpha
01146398 T TKRA_Blend_OneMinusSrcAlpha_OneMinusSrcColor
01146428 T TKRA_Blend_OneMinusSrcAlpha_OneMinusSrcAlpha
011464B8 T TKRA_Blend_OneMinusSrcAlpha_OneMinusDstColor
01146548 T TKRA_Blend_OneMinusSrcAlpha_OneMinusDstAlpha
011465F0 T TKRA_Blend_DstColor_Zero
0114664C T TKRA_Blend_DstColor_One
011466B8 T TKRA_Blend_DstColor_SrcColor
01146730 T TKRA_Blend_DstColor_SrcAlpha
011467BC T TKRA_Blend_DstColor_DstColor
01146834 T BTM_UpdateRegionSetBlockLightCix
01146B18 T TKRA_Blend_DstColor_DstAlpha
01146BA8 T TKRA_Blend_DstColor_OneMinusSrcColor
01146C20 T TKRA_Blend_DstColor_OneMinusSrcAlpha
01146CB0 T TKRA_Blend_DstColor_OneMinusDstColor
01146D28 T TKRA_Blend_DstColor_OneMinusDstAlpha
01146DB8 T TKRA_SetupDrawBlend
011474F4 T TKRA_SetupDrawZaTest
01147A10 T TKRA_ZaTest_BasicZalAal
01147A58 T TKRA_ZaTest_BasicZalAle
01147AC4 T TKRA_ZaTest_BasicZalAge
01147B24 T BTM_SetWorldTimeHhMm
01147BB4 T TKRA_ZaTest_BasicZleAal
01147C0C T TKRA_ZaTest_BasicZleAle
01147C80 T TKRA_ZaTest_BasicZleAge
01147CF4 T TKRA_ZaTest_BasicZgeAal
01147D44 T TKRA_ZaTest_BasicZgeAle
01147DB8 T TKRA_ZaTest_BasicZgeAge
01147E2C T TKRA_ZaTest_BasicZeqAal
01147E7C T TKRA_ZaTest_BasicZeqAle
01147EF0 T TKRA_ZaTest_BasicZeqAge
01147F64 T TKRA_ZaTest_BasicZalAalNz
01147FB0 T TKRA_ZaTest_BasicZalAleNz
01148020 T TKRA_ZaTest_BasicZalAgeNz
01148084 T TKRA_ZaTest_BasicZleAalNz
011480D8 T BTMGL_EmitBlockFacesSlab
01148130 T TKRA_ZaTest_BasicZleAleNz
011481A8 T BTMGL_EmitBlockFacesStair
01148798 T BTMGL_DrawSceneBlocks
01148CB8 T BTMGL_DrawSceneArrays
01148DC4 T TKRA_ZaTest_BasicZleAgeNz
01148E3C T TKRA_ZaTest_BasicZgeAalNz
01148E8C T TKRA_ZaTest_BasicZgeAleNz
01148F04 T TKRA_ZaTest_BasicZgeAgeNz
01148F7C T BTM_GetBBoxListForBlockData
011494D4 T TKRA_ZaTest_BasicZeqAalNz
01149524 T TKRA_ZaTest_BasicZeqAleNz
0114959C T TKRA_ZaTest_BasicZeqAgeNz
01149614 T TKRA_InitSpanRcp
0114968C T BTM_CheckWorldMoveVel
011496F0 T BTM_CheckWorldMoveVelSz
011497BC T TK_Wad4_GetLumpDirName
01149884 T TK_Env_GetCwd
011498C0 T TKPE_LoadDynPE
0114A44C T TKRA_WalkTriangle
0114AA20 T BTM_FreeMul4K
0114AA88 T TKRA_WalkPoint
0114AC7C T TKRA_SetupDrawEdgeForState
0114ACD0 T TKRA_SetupDrawEdgeForTriFlag
0114BBF8 T tkfat_name2lfn
0114BDA4 T strtol
0114BE40 T TKPE_TryOpenImage
0114C17C T TK_Env_GetPathList
0114C1E0 T TKPE_LookupPboImageName
0114C280 T strtoul
0114C3EC T TKPE_LookupPboImageRelPath
0114C6C4 T TK_InstanceImageInTask
0114C918 T TKRA_ResampleImage555
0114CA9C T TK_PboGbrGetB
0114CAC0 T tk_mprotect
0114CB0C T BTM_TryLoadRegionImage
0114D004 T TKRA_EncodeBlockUtx2
0114D464 T BTM_PrintAllocStats
0114D6C0 T TK_DlOpenB
0114D764 T TK_DlSymB
0114D83C T BTM_DestroyRegion
0114DA28 T tk_isr_syscall
0114E4F8 T strncpy
0114E570 T tk_irq_setUserIrq
0114E5B8 T ftell
0114E5E0 T fflush
0114E694 T BTM_RegionDoCompactChunkCix
0114F018 T tkfat_lfn2bytes
0114F09C T __start_early
0114F108 T TKRA_UpdateTexImgDxt5
0114F28C T TK_Wad4_ReadLumpBuffer
0114F508 T __start_late
0114F534 T BTM_LoadWorldGlobals
0114F590 T BTM_SpawnWorldGlobalState
0114F600 T BTM_CheckUnloadRegions
0114F868 T TKFAT_SetupDirEntMeta
0114FAAC T BTM_RegionUnpackVoxbm
0114FB9C T TKRA_DumpMatrix
0114FCF8 T TK_SuspendThreadB
0114FD50 T BTM_SetupWorldSeed
0114FE00 T __start_first
0114FE28 T TKRA_SetupScreen
01150024 T strcpy_s
011500A4 T TKRA_SetViewport
011501F0 T TKRA_UnpackMatrix16fv
01150260 T TK_Env_GetEnvVarI
01150344 T TK_Env_SetEnvVarI
011503F8 T TKMM_MMList_CheckPtrIsHeap
01150438 T TKMM_MMList_GetTag
0115046C T BTM_GenerateBaseXY
01150940 T TKMM_MMList_SetTag
01150980 T BTM_InstFill
01150A58 T TKMM_MMList_GetSize
01150ABC T TKFAT_SetupDirEntNewDirectory
01150CD4 T tk_malloc_cat
01150D38 T TK_EnvCtx_RepackEnvbuf
01150E10 T puts
01150E78 T TKRA_EmitProjectedTriangle
011512F4 T BTM_InstBindVarInt
0115133C T BTM_InstSetgVarInt
01151384 T BTM_InstSetgVarReal
011513CC T BTM_InstSetgVarStr
01151414 T TKRA_EmitProjectedPoint
0115153C T TKMM_LVA_WrapPointer
01151588 T BTM_InstanceStructureAt
011516C8 T TK_Wad4_Wad2BuildPfxName
01151938 T TK_EnvCtx_SetPath
01151A34 T BTM_UpdateChunkFixVoidForRCix
01151B0A T tkra_getptr_v4f_2fv01
01151B88 T tkra_getptr_v4f_2sfv01
01151C14 T tkra_getptr_v4f_2dv01
01151CB4 T tkra_getptr_v4f_2ssv01
01151D60 T BTM_UpdateBlockGrassForRCix
01151FF8 T BTM_BlockTickBlockForRCix
0115209C T BTM_BlockTickRegion
011523AC T tkra_getptr_v4f_2siv01
01152434 T BTMGL_SpawnWorldMobClass
01152630 T BTM_MobCheckHandleCollide
01152754 T BTM_BlockTickWorldI
0115287C T BTM_BlockTickWorld
011528F0 T __init_stdin
01152954 T BTM_V3F_Normalize
01152A08 T tkra_getptr_v4f_3sfv1
01152A58 T tkra_getptr_v4f_3dv1
01152AD4 T tkra_getptr_v4f_3ssv1
01152B70 T tkra_getptr_v4f_3siv1
01152C04 T tkra_getptr_v4f_4sfv
01152C6A T tkra_getptr_v4f_4dv
01152D00 T BTM_FreeSprite
01152D30 T BTMGL_DrawSprite
01153370 T tkra_getptr_v4f_4ssv
01153418 T BTMGL_DrawVisibleSprites
0115346C T BTMGL_DrawEntityBasic
01153560 T tkra_getptr_v4f_4siv
01153600 T TKFAT_SetDirEntSize
0115364C T tkra_getptr_v2f_2sfv
011536A0 T tkra_getptr_v2f_2dv
01153700 T BTM_RunTickMobNone
01153718 T BTM_RunMobTickMove
01153D18 T tkra_getptr_v2f_2ssv
01153D94 T tkra_getptr_v2f_2siv
01153E08 T tkra_getptr_v2f_null
01153E24 T tkra_getptr_rgba_3sbv
01153E48 T tkra_getptr_rgba_4sbv
01153E64 T BTM_RunSpawnerForEntity
01153FC4 T tkra_getptr_rgba_3ubv
01154010 T irq_addTimerIrq
01154080 T tkra_getptr_rgba_3fv
0115411C T tkra_getptr_rgba_4fv
011541C0 T tkra_getptr_rgba_3ssv
01154274 T tkra_getptr_rgba_4ssv
0115433C T tkra_getptr_rgba_3usv
01154394 T tkra_getptr_rgba_4usv
011543EC T TK_SetUserIrqV
0115446C T fputc
011545BC T tk_mlock2
011545D0 T BTM_MobBindVarInt
011546B2 T BTM_MobBindVarReal
01154790 T BTM_MobBindVarStr
0115487C T BTM_SpawnRegionEntitySubTag
011549D0 T TK_SetCurrentTask
011549EC T tk_munlock2
01154A00 T TKRA_DrawPrimitive_TriangleComm
01154BA0 T BTM_ConsoleCommand
01154CC4 T BTM_ConPuts
01154D00 T BTMGL_DrawWorldEntities
01154FDC T TKRA_DrawPrimitive_PolyComm
011551A4 T tk_mlockall2
011551B8 T TK_SmallFlushL1D
0115523C T tk_munlockall2
01155250 T BTM_QueryUnlinkMobChains
011552A4 T BTM_EventPlayerUseMob
011553E4 T fwriteSlow
0115551C T fwriteSlowT
011559F8 T TKRA_Vec4F_Normalize
01155AD0 T TKRA_Mat4F_AxisTo4MatrixT
01155D2C T TKRA_Mat4F_SetupFrustum
01155E8C T BTM_InvenDoInput
01155EA4 T BTM_DrawInventoryCell
01155F6C T TKRA_Mat4F_SetupOrtho
011560BC T BTM_DrawInventoryGrid
01156184 T BTM_DrawInventory
011561C8 T TK_YieldCurrentThreadA
0115624C T tk_thread_entry
011562AC T TKRA_SetCurrentContext
011562CC T TK_Wad4_UnlinkDirLump
011563F0 T W_DecodeBufferRP2
01156438 T W_DecodeBufferLZ4
01156480 T tkra_glVertexPointer
01156510 T tkra_glTexCoordPointer
011565A0 T tkra_glColorPointer
01156630 T tkra_glNormalPointer
011566A4 T tkra_glInterleavedArrays
011566BC T FS_Wad4ReadFromLump
0115690C T tkra_glDrawArrays
01156A4C T tkra_glDrawElements
01156B8C T tkra_glBegin
01156C14 T FS_Init
01156CC4 T tkra_glEnd
01156D90 T TK_VMem_VaFreePages
01156E5C T tkra_glColor3b
01156EBC T tkra_glColor3s
01156F1C T tkra_glColor3i
01156F7C T tkra_glColor3f
01157048 T tkra_glColor3d
011570C0 T tkra_glColor3ub
01157118 T tkra_glColor3us
01157178 T tkra_glColor3ui
011571E4 T BTM_DrawString8pxLen
011572B8 T tkra_glColor4b
01157328 T tkra_glColor4s
01157398 T tkra_glColor4i
01157408 T tkra_glColor4f
011574E4 T tkra_glColor4d
0115756C T BTM_DrawMenu
01158064 T tkra_glColor4ub
011580C4 T tkra_glColor4us
01158134 T tkra_glColor4ui
011581B4 T BTM_ToggleMenu
01158214 T BTM_MenuDoInput
01158268 T tkra_glColor3bv
011582C8 T tkra_glColor3sv
01158328 T tkra_glColor3iv
01158388 T tkra_glColor3fv
011583FC T tkra_glColor3dv
01158470 T tkra_glColor3ubv
011584C8 T tkra_glColor3usv
01158538 T BTM_ConAddCvar
011585C0 T tkra_glColor3uiv
0115862C T BTM_ConAddCmdVar
011586AC T tkra_glColor4bv
0115871C T tkra_glColor4sv
0115878C T BTM_ConPrintChar
01158888 T tkra_glColor4iv
011588F8 T tkra_glColor4fv
0115897C T tkra_glColor4dv
01158A00 T tkra_glColor4ubv
01158A5C T tkra_glColor4usv
01158ACC T tkra_glColor4uiv
01158B48 T BTM_DrawConsole
01158F54 T BTM_ConDoInput
01158FC4 T tkra_glTexCoord1s
01159024 T tkra_glTexCoord1i
01159084 T I_SystemInit
011590BC T I_BeginFrame
011590D4 T I_SystemFrame
01159250 T tkra_glTexCoord1f
011592AC T tkra_glTexCoord1d
01159304 T I_KeyEvent
0115939C T I_UpdateKeys
0115951C T tkra_glTexCoord2s
01159590 T tkra_glTexCoord2i
01159604 T tkra_glTexCoord2f
0115966C T tkra_glTexCoord2d
011596C0 T tkra_glTexCoord3s
01159738 T tkra_glTexCoord3i
011597B0 T tkra_glTexCoord3f
01159804 T tkra_glTexCoord3d
01159858 T tkra_glTexCoord4s
011598D8 T tkra_glTexCoord4i
01159958 T BTMGL_InitSkybox
01159EEC T BTMGL_DrawSkybox
0115A040 T tkra_glTexCoord4f
0115A098 T BTM_InterpolateDaySky
0115A37C T tkra_glTexCoord4d
0115A3D4 T tkra_glTexCoord1sv
0115A438 T tkra_glTexCoord1iv
0115A49C T tkra_glTexCoord1fv
0115A4E8 T tkra_glTexCoord1dv
0115A538 T tkra_glTexCoord2sv
0115A5AC T tkra_glTexCoord2iv
0115A620 T BTM_ConCmd_Noclip
0115A68C T BTM_ConCmd_Time
0115A714 T BTM_ConCmd_Instance
0115A8DC T BTM_PlayerPhysTick
0115A9BC T tkra_glTexCoord2fv
0115AA24 T BTM_RayTick
0115AD4C T tkra_glTexCoord2dv
0115ADA4 T __lva_mul
0115AF0C T __lva_div
0115B088 T __lva_mod
0115B1D8 T __lva_loadindex
0115B2B8 T __lva_storeindex
0115B354 T __lva_rcons
0115B3B4 T __lva_cons
0115B414 T __isr_interrupt
0115B4F0 T __xli_smod
0115B550 T __xli_umod
0115B5C8 T __xlf_div
0115B614 T __start
0115BB10 T __fpu_frcpa
0115BB54 T __vnf_c2f_div
0115BBA0 T __vnf_v2f_div
0115BC20 T __datetime
0115BD08 T tk_fsctl
0115BD50 T __vnf_vqf_div
0115BDAA T __vnf_v3f_div
0115BE86 T __vnf_v4f_div
0115BF78 T TKPE_ApplyBaseRelocs
0115C484 T TKPE_ApplyDataRelocs
0115C6B8 T freadSlowT
0115C958 T freadSlowB
0115CB90 T __assert
0115CBF4 T __alloca_begin
0115CC30 T __alloca_end
0115CC94 T __alloca_wxe
0115CD0C T __alloca_initvla1
0115CDA0 T __alloca_initvla2
0115CEA8 T TK_ExitCurrentThread
0115CEE4 T __operator_new
0115CF1C T longjmp
0115CF60 T TK_PboImgBaseSetB
0115CF84 T TK_PboGbrSetB
0115CFA8 T TK_TlsSetB
0115CFCC T TK_TaskGetCwd
0115D01C T tk_sysc_exitpgm
0115D058 T __sigerr
0115D06C T __sigign
0115D080 T raise
0115D0BC T __allocmem
0115D0FC T __freemem
0115D110 T TKMM_LVA_TrySetSigPtrVar
0115D418 T __xbi_umod
0115D4B4 T __xbi_smod
0115D550 T tk_con_reset
0115D590 T __exec
0115D5A4 T __lvo_getslot_cstgen
0115D6E0 T __lvo_setslot_cstgen
0115D828 T __lva_unwrap
0115D83C T TK_VMem_SetPageVAddr
0115D868 T __moddi3
0115D8A8 T __umodsi3
0115D8E8 T __smodsi3
0115D928 T __udivsq
0115D964 T TK_VMem_WritePageToDisk
0115D9E8 T __umodsq
0115DB74 T __smodsq
0115DBD0 T __ioctl
0115DC20 T TK_VMem_LoadPageFromDisk
0115DC94 T __fsctl
0115DD20 T __remove
0115DD54 T __rename
0115DD90 T abort
0115DDC4 T fprintf
0115DE44 T fopen2
0115DECC T fopen3
0115E0B8 T TK_VMem_VaPageInAddr
0115E184 T tk_vmem_tlbmiss
0115E200 T __isr_tlbfault
0115E2B4 T findSpareSpot
0115E330 T __lva_conv_toptr
0115E3C0 T checkMode
0115E654 T __lva_conv_fromi64big
0115E698 T TKMM_MMList_Free
0115E6F0 T __lva_conv_fromstr
0115E728 T __lva_add_gen
0115E768 T __lva_sub_gen
0115E7A8 T osfopen
0115E8D8 T __lva_and_gen
0115E918 T __lva_or_gen
0115E958 T __lva_xor_gen
0115E998 T __lva_shl_gen
0115E9D8 T __lva_shr_gen
0115EA18 T __lva_neg_gen
0115EA54 T __lva_not_gen
0115EA90 T __lva_cmpeq_gen
0115EADC T __lva_cmpgt_gen
0115EB28 T __lva_inc_gen
0115EB64 T __lva_dec_gen
0115EB9E T _mtx_sync_get
0115EBA8 T _mtx_sync_set
0115EBB6 T TKRA_CalcTexStepRcp
0115EBD8 T TKRA_ScaleClrStepRcp
0115EBE2 T TKRA_CalcClrStepRcp
0115EC10 T TKRA_WalkEdges_Zbuf
0115ECD0 T TKRA_WalkEdges_Zbuf.L0
0115ED36 T TKRA_WalkEdges_Zbuf.L1
0115EE02 T TKRA_WalkEdges_Zbuf.L2
0115EE7A T TKRA_WalkEdges_Zbuf.L3
0115EE9E T TKRA_WalkEdges_Zbuf.L4
0115EEB6 T TKRA_WalkEdges_Zbuf.L_END
0115EED8 T TKRA_WalkEdges_Zbuf.L_END_F
0115EEDA T TKRA_WalkEdges_Dfl
0115EF9A T TKRA_WalkEdges_Dfl.L0
0115F000 T TKRA_WalkEdges_Dfl.L1
0115F0CC T TKRA_WalkEdges_Dfl.L2
0115F130 T TKRA_WalkEdges_Dfl.L3
0115F154 T TKRA_WalkEdges_Dfl.L4
0115F16C T TKRA_WalkEdges_Dfl.L_END
0115F18E T TKRA_WalkEdges_Dfl.L_END_F
0115F190 T _tk_divtab
0115F590 T _tk_divtab_sh
0115F690 T __udivsi3_tab
0115F698 T __udivsi3_tab.L3
0115F69C T __udivsi3_tab.L0
0115F6C2 T tkra_mkvec2sfv
0115F6DE T tkra_mkvec4sfv
0115F716 T tkra_mkvec3sfv1
0115F74A T tkra_rgba_midpoint
0115F768 T tkra_rgba_expand64
0115F78A T tkra_v4f_bboxmins3
0115F814 T tkra_v4f_bboxmaxs3
0115F89E T tkra_frcpabs
0115F8AC T TKRA_ProjectVertex
0115F8FA T TKRA_ProjectVertexB
0115F9B4 T tkra_getptr_v4f_3fv1
0115F9C4 T tkra_getptr_v4f_4fv
0115F9CC T tkra_getptr_v2f_2fv
0115F9D0 T tkra_getptr_rgba_4ubv
0115F9D8 T tkra_getptr_int_ubv
0115F9DC T tkra_getptr_int_usv
0115F9E0 T tkra_getptr_int_uiv
0115F9E4 T tkra_getptr_int_null
0115F9E8 T TKPE_UnpackL6
0115F9EE T TKPE_UnpackL6.L0
0115FA1E T TKPE_UnpackL6.L1
0115FA70 T TKPE_UnpackL6.Cont
0115FA74 T TKPE_UnpackL6.Done
0115FA78 T TKPE_UnpackL6.Copy
0115FA94 T TKPE_UnpackL6.CopyL1
0115FAB4 T TKPE_UnpackL6.CopyL1S
0115FAD4 T TKPE_UnpackL6.CopyL1B
0115FAE8 T TKPE_UnpackL6.CopyRLE
0115FAFE T TKPE_UnpackL6.CopyRLE_L1
0115FB0E T TKPE_UnpackL6.CopyRLE1
0115FB1E T TKPE_UnpackL6.CopyRLE2
0115FB2A T TKPE_UnpackL6.CopyRLE4
0115FB36 T TKPE_UnpackL6.CopyRLE3
0115FB50 T TKPE_UnpackL6.CopyRLEN_L1
0115FB66 T TKPE_DecodeBufferRP2
0115FB6C T TKPE_DecodeBufferRP2.L0
0115FBAA T TKPE_DecodeBufferRP2.L2
0115FBCE T TKPE_DecodeBufferRP2.L3
0115FBF6 T TKPE_DecodeBufferRP2.L4
0115FC14 T TKPE_DecodeBufferRP2.L5
0115FC22 T TKPE_DecodeBufferRP2.L5_1
0115FC2A T TKPE_DecodeBufferRP2.L5_0
0115FC54 T TKPE_DecodeBufferRP2.L6
0115FCB8 T TKPE_DecodeBufferRP2.L7
0115FCE0 T TKPE_DecodeBufferRP2.L8
0115FCF4 T TKPE_DecodeBufferRP2.L9
0115FD1A T TKPE_DecodeBufferRP2.L12
0115FD30 T TKPE_DecodeBufferRP2.L11
0115FD4C T TKPE_DecodeBufferRP2.L10
0115FD52 T TKPE_DecodeBufferRP2.L1
0115FD58 T TKPE_CalculateImagePel4BChecksum
0115FD62 T TKPE_CalculateImagePel4BChecksum.L0
0115FDD2 T TK_FlushCacheL1D_INVDC
0115FDDC T TK_FlushCacheL1D_INVIC
0115FDE6 T TK_FlushCacheL1D_ReadBuf
0115FDE6 T TK_FlushCacheL1D_ReadBuf.L0
0115FDF2 T TK_GetRandom
0115FDFC T TK_WithKrrEncodeKey
0115FE0C T tkmm_bigint_add
0115FE4C T tkmm_bigint_sub
0115FE8C T tkmm_bigint_and
0115FECA T tkmm_bigint_or
0115FF08 T tkmm_bigint_xor
0115FF46 T tkra_memset_word
0115FF5A T tkra_memset_word.L0
0115FF74 T tkra_memset_word.L1
0115FF7E T tkra_memset_word.L2
0115FF8C T tkra_memset_word.L3
0115FF92 T tkra_memset_word.L4
0115FF9C T tkra_memset_word.L5
0115FF9E T __xbi_add
0115FFA0 T __xbi_add.L0
0115FFC6 T __xbi_sub
0115FFC8 T __xbi_sub.L0
0115FFEE T __xbi_and
0115FFEE T __xbi_and.L0
01160010 T __xbi_or
01160010 T __xbi_or.L0
01160032 T __xbi_xor
01160032 T __xbi_xor.L0
01160054 T __xbi_shll
01160054 T __xbi_shl
0116005A T __xbi_shll.L0
01160072 T __xbi_shll.L1
0116007E T __xbi_shll.L2
01160094 T __xbi_shll.Lend
01160096 T __xbi_shlr
0116009C T __xbi_shlr.L0
011600B2 T __xbi_shlr.L1
011600B2 T __xbi_shlr.L2
011600C8 T __xbi_shlr.Lend
011600CA T __xbi_shar
011600D0 T __xbi_shar.L0
011600E6 T __xbi_shar.L1
011600E6 T __xbi_shar.L2
011600FC T __xbi_shar.Lend
011600FE T __xbi_neg
01160102 T __xbi_neg.L0
01160126 T __xbi_not
01160126 T __xbi_not.L0
0116013E T __xbi_isneg
0116014E T __xbi_cmp_eq
01160150 T __xbi_cmp_eq.L0
01160172 T __xbi_cmp_eq.Ltrue
01160176 T __xbi_cmp_eq.Lfalse
0116017A T __xbi_cmp_ne
0116017C T __xbi_cmp_ne.L0
0116019E T __xbi_cmp_ne.Lfalse
011601A2 T __xbi_cmp_ne.Ltrue
011601A6 T __xbi_cmp_gt
011601B6 T __xbi_cmp_gt.L0
011601DC T __xbi_cmp_gt.Lne1
011601E4 T __xbi_cmp_gt.Lne2
011601EC T __xbi_cmp_ge
011601FC T __xbi_cmp_ge.L0
01160222 T __xbi_cmp_ge.Lne1
0116022A T __xbi_cmp_ge.Lne2
01160232 T __xbi_cmp_hi
01160242 T __xbi_cmp_hi.L0
01160268 T __xbi_cmp_hi.Lne1
01160270 T __xbi_cmp_hi.Lne2
01160278 T __xbi_cmp_he
01160288 T __xbi_cmp_he.L0
011602AE T __xbi_cmp_he.Lne1
011602B6 T __xbi_cmp_he.Lne2
011602BE T __xbi_iszero
011602BE T __xbi_iszero.L0
011602DA T __xbi_iszero.Ltrue
011602DE T __xbi_iszero.Lfalse
011602E2 T TKMM_LVA_VarObjFetchKeyA
01160328 T TKMM_LVA_VarObjFetchKeyA.Found1
0116032A T TKMM_LVA_VarObjFetchKeyA.Found
01160330 T TKMM_LVA_VarObjFetchKeyA.NotFound
01160334 T TKMM_LVA_VarObjSetKeyA
01160380 T TKMM_LVA_VarObjSetKeyA.Found1
01160382 T TKMM_LVA_VarObjSetKeyA.Found
01160388 T TKMM_LVA_VarObjSetKeyA.NotFound
0116038C T __lvo_getslot_cst
011603A8 T __lvo_getslot_cst.Generic
011603AC T __lvo_setslot_cst
011603CA T __lvo_setslot_cst.Generic
011603CE T memset_movx
011603EA T memset_movx.L0
011603FE T memset_movx.L1
01160404 T memset_movx.L2
01160416 T memset_movx.L3
01160418 T strlen
0116041C T strlen.L0
0116042A T strlen.L1
01160432 T strcmp
01160434 T strcmp.L0
01160452 T strcmp.L1
01160468 T strcmp.L3
01160472 T strcmp.L2
01160474 T strncmp
01160476 T strncmp.L0
011604A0 T strncmp.L1
011604B8 T strncmp.L3
011604C2 T strncmp.L2
011604C4 T strcat
011604C8 T strcat.L0
011604D6 T strcat.L1
011604D8 T strcat.L2
011604EE T strcat.L3
01160500 T __lva_fixnump
0116050A T __lva_flonump
01160514 T __lva_conv_toi32
01160524 T __lva_conv_toi32.LI
0116052A T __lva_conv_toi32.LF
01160534 T __lva_conv_toi64
01160544 T __lva_conv_toi64.LI
0116054E T __lva_conv_toi64.LF
01160558 T __lva_conv_tof64
01160558 T __lva_conv_tof32
01160568 T __lva_conv_tof64.LI
01160576 T __lva_conv_tof64.LF
0116057C T __lva_conv_fromi32
01160586 T __lva_conv_fromi64
0116058C T __lva_conv_fromf64
0116058C T __lva_conv_fromf32
01160592 T __lva_conv_fromvec2f
011605C4 T malloc
011605D0 T _malloc_cat
011605DA T _msize
011605E4 T malloc_usable_size
011605EE T free
011605F8 T realloc
01160602 T abs
0116060C T labs
01160618 T __lva_add
01160640 T __lva_add.II
0116064A T __lva_add.IF
0116065E T __lva_add.FI
01160672 T __lva_add.FF
0116067A T __lva_add.FF2
01160684 T __lva_sub
011606AC T __lva_sub.II
011606B6 T __lva_sub.IF
011606CA T __lva_sub.FI
011606DE T __lva_sub.FF
011606E6 T __lva_sub.FF2
011606F0 T __lva_and
01160718 T __lva_and.II
0116071E T __lva_and.IF
01160732 T __lva_and.FI
01160746 T __lva_and.FF
01160756 T __lva_and.II2
01160760 T __lva_or
01160788 T __lva_or.II
0116078E T __lva_or.IF
011607A2 T __lva_or.FI
011607B6 T __lva_or.FF
011607C6 T __lva_or.II2
011607D0 T __lva_xor
011607F8 T __lva_xor.II
01160802 T __lva_xor.IF
01160816 T __lva_xor.FI
0116082A T __lva_xor.FF
0116083A T __lva_xor.II2
01160844 T __lva_shl
0116086C T __lva_shl.II
01160876 T __lva_shl.IF
0116088A T __lva_shl.FI
0116089E T __lva_shl.FF
011608AE T __lva_shl.II2
011608B8 T __lva_shr
011608E0 T __lva_shr.II
011608EC T __lva_shr.IF
01160900 T __lva_shr.FI
01160914 T __lva_shr.FF
01160924 T __lva_shr.II2
01160930 T __lva_neg
01160944 T __lva_neg.LI
0116094E T __lva_neg.LF
01160958 T __lva_not
01160966 T __lva_not.LI
01160972 T __lva_cmp_eq
0116099A T __lva_cmp_eq.II
011609A0 T __lva_cmp_eq.IF
011609B4 T __lva_cmp_eq.FI
011609C8 T __lva_cmp_eq.FF
011609D0 T __lva_cmp_eq.FF2
011609D6 T __lva_cmp_gt
011609FE T __lva_cmp_gt.II
01160A0C T __lva_cmp_gt.IF
01160A20 T __lva_cmp_gt.FI
01160A34 T __lva_cmp_gt.FF
01160A3C T __lva_cmp_gt.FF2
01160A42 T __lva_inc
01160A56 T __lva_inc.LI
01160A60 T __lva_inc.LF
01160A72 T __lva_dec
01160A86 T __lva_dec.LI
01160A90 T __lva_dec.LF
01160AA2 T __xli_add
01160AAE T __xli_sub
01160ABA T __xli_and
01160AC4 T __xli_or
01160ACE T __xli_xor
01160AD8 T __xli_neg
01160AE4 T __xli_not
01160AEE T __xli_shl
01160B12 T __xli_shl.L0
01160B1E T __xli_shl.L1
01160B24 T __xli_shlr
01160B4C T __xli_shlr.L0
01160B5A T __xli_shlr.L1
01160B60 T __xli_shar
01160B88 T __xli_shar.L0
01160B98 T __xli_shar.L1
01160B9E T __xli_umuldq
01160BE0 T __xli_umul
01160BE0 T __xli_smul
01160C24 T __xli_umul_hi
01160C9E T __xli_cmp_eq
01160CAE T __xli_cmp_eq.False
01160CB2 T __xli_cmp_ne
01160CC2 T __xli_cmp_ne.True
01160CC6 T __xli_cmp_gt
01160CD8 T __xli_cmp_gt.True
01160CDC T __xli_cmp_gt.False
01160CE0 T __xli_cmp_ge
01160CF2 T __xli_cmp_ge.True
01160CF6 T __xli_cmp_ge.False
01160CFA T __xli_cmp_hi
01160D0C T __xli_cmp_hi.True
01160D10 T __xli_cmp_hi.False
01160D14 T __xli_cmp_he
01160D26 T __xli_cmp_he.True
01160D2A T __xli_cmp_he.False
01160D2E T __xli_cmp_tst
01160D3E T __xli_cmp_tst.True
01160D42 T __xli_cmp_ntst
01160D52 T __xli_cmp_ntst.False
01160D56 T __xlf_neg
01160D62 T __xlf_mul
01160E02 T __xlf_mul.RetZero
01160E06 T __xlf_mul.Ret
01160E18 T __xlf_sub
01160E22 T __xlf_add
01160EF0 T __xlf_add.L0
01160F08 T __xlf_add.L1
01160F10 T __xlf_add.L2
01160F20 T __xlf_add.L3
01160F34 T __xlf_add.Ret
01160F4C T __xlf_add.RetZero
01160F52 T __xlf_cmp_eq
01160F8E T __xlf_cmp_eq.L0
01160F9E T __xlf_cmp_eq.L1
01160FA2 T __xlf_cmp_eq.False
01160FA6 T __xlf_cmp_ne
01160FB6 T __xlf_cmp_ne.True
01160FBA T __xlf_cmp_gt
01160FC8 T __xlf_cmp_gt.N0
01160FD2 T __xlf_cmp_gt.P0
01160FDC T __xlf_cmp_gt.PP
01160FEC T __xlf_cmp_gt.NN
01160FFC T __xlf_cmp_gt.False
01161000 T __xlf_cmp_gt.True
01161004 T __xlf_cmp_ge
01161012 T __xlf_cmp_ge.N0
0116101C T __xlf_cmp_ge.P0
01161026 T __xlf_cmp_ge.PP
01161036 T __xlf_cmp_ge.NN
01161046 T __xlf_cmp_ge.False
0116104A T __xlf_cmp_ge.True
0116104E T __xlf_todbl
0116109E T __xlf_todbl.RangeFail
011610AE T __xlf_todbl.Inf
011610BC T __xlf_fromdbl
01161102 T __xlf_toint
0116110C T __xlf_fromint
01161118 T tolower
01161128 T toupper
01161138 T TK_VMem_GetPageTableEntry
0116119E T TK_VMem_GetPageTableEntry.L0
011611A8 T tk_vmem_l1flush
011611B8 T tk_vmem_l1flush.L0
011611CA T tk_vmem_do_ldtlb
011611EC T tk_vmem_loadpte
01161254 T __v2f_float2
01161254 T __c2f_float2
01161254 T __m64_float2
01161262 T __v3f_float3
01161262 T __m128_float3
01161272 T __v4f_float4
01161272 T __vqf_float4
01161272 T __m128_float4
0116128C T __v2d_double2
0116128C T __c2d_double2
0116128C T __m128_double2
01161292 T __vnf_v2f_add
01161292 T __vnf_c2f_add
01161298 T __vnf_v2f_sub
01161298 T __vnf_c2f_sub
0116129E T __vnf_v2f_mul
011612A4 T __vnf_v2f_dot
011612B4 T __vnf_v2f_cross
011612C8 T __vnf_c2f_mul
011612E6 T __vnf_v2d_add
011612E6 T __vnf_c2d_add
011612F0 T __vnf_v2d_sub
011612F0 T __vnf_c2d_sub
011612FA T __vnf_v2d_mul
01161304 T __vnf_v2d_dot
01161312 T __vnf_v2d_cross
01161320 T __vnf_v3f_add
01161320 T __vnf_v4f_add
01161320 T __vnf_vqf_add
01161326 T __vnf_v3f_sub
01161326 T __vnf_v4f_sub
01161326 T __vnf_vqf_sub
0116132C T __vnf_v3f_mul
0116132C T __vnf_v4f_mul
01161332 T __vnf_vqf_mul
01161390 T __vnf_v3f_cross
01161390 T __vnf_v4f_cross
011613C0 T __vnf_v3f_dot
011613D8 T __vnf_v4f_dot
011613EE T __v3fq_float3
01161436 T __v3fq_unpackx2
01161450 T __v3fq_packx
01161492 T __vnf_v3fq_add
0116149E T __vnf_v3fq_sub
011614AA T __vnf_v3fq_mul
011614B6 T __vnf_v3fq_dot
011614C0 T __vnf_v3fq_cross
011614CC T __vnf_v3fq_from_v3f
0116150E T __vnf_v3f_from_v3fq
01161518 T __vnf_v4h_from_v4f
01161528 T __vnf_v4f_from_v4h
01161532 T __v4h_float4
0116155C T __v3fx_float3
0116157E T __v3fx_unpackx2
011615A4 T __vnf_v3fx_add
011615BC T __vnf_v3fx_sub
011615D4 T __vnf_v3fx_mul
011615EC T __vnf_v3fx_dot
01161608 T htobe64
01161608 T be64toh
01161616 T htole64
01161616 T le64toh
0116161A T htobe32
0116161A T be32toh
0116161A T htonl
0116161A T ntohl
01161622 T htole32
01161622 T le32toh
01161628 T htobe16
01161628 T be16toh
01161628 T htons
01161628 T ntohs
01161630 T htole16
01161630 T le16toh
01161636 T feclearexcept
0116164C T fegetenv
0116164C T fegetexceptflag
01161658 T fesetenv
01161658 T feupdateenv
01161676 T fesetexceptflag
0116169C T fegetround
011616A8 T fesetround
011616C8 T feholdexcept
011616E4 T feraiseexcept
011616E8 T fetestexcept
011616F4 T _start
01161734 T _exit
01161744 T zero_bss
01161754 T zero_bss.L0
01161760 T isr_except
0116176C T isr_inter
0116177A T isr_tlbfault
01161788 T isr_syscall
01161800 T isr_table
01161828 T tk_getsavedvbr
01161838 T __umullq
0116183E T __smullq
01161844 T __smulsq
01161844 T __umulsq
01161864 T __umuldq
011618A6 T __smuldq
011618E8 T __tk_farcall
011618F4 T __longj
01161986 T __setj
01161A20 T __va64_arg_i
01161A3E T __va64_arg_i.L0
01161A50 T __va64_arg_l
01161A6E T __va64_arg_l.L0
01161A88 T __va64_arg_x
01161AB4 T __va64_arg_x.L0
01161AD4 T __memcpy32
01161AD8 T __memcpy32.L0
01161AE6 T __memcpy64
01161AEA T __memcpy64.L0
01161AF8 T __memcpy128
01161AFC T __memcpy128.L0
01161B12 T __memcpy8_16
01161B20 T memcpy_movx
01161B46 T memcpy_movx.L0A
01161B4E T memcpy_movx.L0
01161B70 T memcpy_movx.L1
01161B76 T memcpy_movx.L2
01161B90 T memcpy_movx.L3
01161BCE T memcpy
01161BE0 T memcpy.L0
01161C12 T memcpy.L1
01161C18 T memcpy.L2
01161C32 T memcpy.L3
01161C6A T sleep_0
01161C6E T __fpu_frcp
01161C78 T __fpu_frcp.L0
01161CCE T __fpu_frcp_s
01161CD8 T __fpu_frcp_s.L0
01161D1A T __fpu_fdiv
01161D2E T __fpu_fdiv_s
01161D42 T __fpu_frcp_sf
01161D82 T __fpu_fdiv_sf
01161DBC T TK_EncBlock16P
01161E12 T TK_EncBlock16P.L0
011620EE T _fcn_clz32
0116216A T __udivsi3_i
011621A4 T __udivsi3_i.L0
011621C6 T __udivsi3_i.L4
0116223C T __udivsi3_i.L1
0116226A T __udivsi3_i.L2
0116227C T __udivsi3_i.Ret_Zero
01162280 T __udivsi3_i.Ret_R16
01162284 T __udivsi3
01162288 T __sdivsi3
011622B6 T _fcn_clz64
0116236C T __udivdi3
011623A6 T __udivdi3.L0
011623C8 T __udivdi3.L4
0116243E T __udivdi3.L1
0116246C T __udivdi3.L2
01162476 T __udivdi3.Ret_Zero
0116247A T __udivdi3.Ret_R16
0116247E T __sdivdi3
011624AC T __sfp_fmul_f32
01162546 T __sfp_fmul_f32.rtz
0116254A T tkra_morton8
0116254A T tkra_morton16
01162554 T tkra_paddhw
0116255A T tkra_pmuluhw
01162560 T tkra_rgbupck64
01162566 T tkra_rgbpck64
0116256C T tkra_padduhw_sat
011625F4 T TKRA_CachedBlkUtx2
01162602 T TKRA_InterpBilinear
01162612 T TKRA_InterpBilinear64
01162648 T TKRA_InterpBilinear3Pt_64
01162682 T TKRA_DrawSpan_DirClr
0116268E T TKRA_DrawSpan_DirClr.L0
011626A2 T TKRA_DrawSpan_DirTex
011626C0 T TKRA_DrawSpan_DirTex.L0
011626EE T TKRA_DrawSpan_ModTex
01162718 T TKRA_DrawSpan_ModTex.L0
0116275A T TKRA_DrawSpan_ModTexMort
01162784 T TKRA_DrawSpan_ModTexMort.L0
011627BA T TKRA_DrawSpan_AlphaModTexMort
011627E0 T TKRA_DrawSpan_AlphaModTexMort.L1
01162830 T TKRA_DrawSpan_AlphaModTexMort.L2
0116283C T TKRA_DrawSpan_AtestModTexMort
0116285A T TKRA_DrawSpan_AtestModTexMort.L0
0116289A T TKRA_DrawSpan_ModBlTexMort
011628C4 T TKRA_DrawSpan_ModBlTexMort.L1
01162970 T TKRA_DrawSpan_ModBlTexMort.L2
01162986 T TKRA_DrawSpan_AlphaModBlTexMort
011629B0 T TKRA_DrawSpan_AlphaModBlTexMort.L1
01162A78 T TKRA_DrawSpan_AlphaModBlTexMort.L2
01162A8E T TKRA_DrawSpan_AtestModBlTexMort
01162AB8 T TKRA_DrawSpan_AtestModBlTexMort.L1
01162B6C T TKRA_DrawSpan_AtestModBlTexMort.L2
01162B82 T TKRA_DrawSpan_ModUtx2Mort
01162BA0 T TKRA_DrawSpan_ModUtx2Mort.L0
01162BDA T TKRA_DrawSpan_AlphaModUtx2Mort
01162BF8 T TKRA_DrawSpan_AlphaModUtx2Mort.L1
01162C4C T TKRA_DrawSpan_AlphaModUtx2Mort.L2
01162C58 T TKRA_DrawSpan_AtestModUtx2Mort
01162C76 T TKRA_DrawSpan_AtestModUtx2Mort.L0
01162CBA T TKRA_DrawSpan_ModBlUtx2Mort
01162CE4 T TKRA_DrawSpan_ModBlUtx2Mort.L1
01162DA0 T TKRA_DrawSpan_ModBlUtx2Mort.L2
01162DB6 T TKRA_DrawSpan_AlphaModBlUtx2Mort
01162DE0 T TKRA_DrawSpan_AlphaModBlUtx2Mort.L1
01162EB8 T TKRA_DrawSpan_AlphaModBlUtx2Mort.L2
01162ECE T TKRA_DrawSpan_AtestModBlUtx2Mort
01162EF8 T TKRA_DrawSpan_AtestModBlUtx2Mort.L1
01162FBC T TKRA_DrawSpan_AtestModBlUtx2Mort.L2
01162FD2 T I_FinishUpdate_ScanCopy
01162FD8 T I_FinishUpdate_ScanCopy.loop
0116300A T I_FinishUpdate_ScanCopy.done
0116300C T I_FinishUpdate_ScanCopyVf
01163012 T I_FinishUpdate_ScanCopyVf.loop
01163044 T I_FinishUpdate_ScanCopyVf.done
01163046 T TKRA_DrawSpan_ModTexZt
01163078 T TKRA_DrawSpan_ModTexZt.L0
011630D2 T TKRA_DrawSpan_ModTexMortZt
011630F4 T TKRA_DrawSpan_ModTexMortZt.L0
01163142 T TKRA_DrawSpan_ModTexMortZb
01163164 T TKRA_DrawSpan_ModTexMortZb.L0
011631B6 T TKRA_DrawSpan_AlphaModTexMortZt
011631D8 T TKRA_DrawSpan_AlphaModTexMortZt.L1
01163236 T TKRA_DrawSpan_AlphaModTexMortZt.L2
01163242 T TKRA_DrawSpan_ModBlTexMortZt
0116326C T TKRA_DrawSpan_ModBlTexMortZt.L1
0116332E T TKRA_DrawSpan_ModBlTexMortZt.L2
01163344 T TKRA_DrawSpan_AlphaModBlTexMortZt
0116336E T TKRA_DrawSpan_AlphaModBlTexMortZt.L1
0116344E T TKRA_DrawSpan_AlphaModBlTexMortZt.L2
01163464 T TKRA_DrawSpan_ModUtx2MortZt
01163486 T TKRA_DrawSpan_ModUtx2MortZt.L0
011634D8 T TKRA_DrawSpan_ModUtx2MortZb
01163506 T TKRA_DrawSpan_ModUtx2MortZb.L0
0116355C T TKRA_DrawSpan_AtestModUtx2MortZt
0116357E T TKRA_DrawSpan_AtestModUtx2MortZt.L0
011635D8 T TKRA_DrawSpan_AlphaModUtx2MortZt
011635FA T TKRA_DrawSpan_AlphaModUtx2MortZt.L1
0116365C T TKRA_DrawSpan_AlphaModUtx2MortZt.L2
01163668 T TKRA_DrawSpan_AlphaModUtx2MortZb
0116368A T TKRA_DrawSpan_AlphaModUtx2MortZb.L1
011636F0 T TKRA_DrawSpan_AlphaModUtx2MortZb.L2
011636FC T TKRA_DrawSpan_ModBlUtx2MortZt
01163726 T TKRA_DrawSpan_ModBlUtx2MortZt.L1
011637F8 T TKRA_DrawSpan_ModBlUtx2MortZt.L2
0116380E T TKRA_DrawSpan_AlphaModBlUtx2MortZt
01163838 T TKRA_DrawSpan_AlphaModBlUtx2MortZt.L1
01163928 T TKRA_DrawSpan_AlphaModBlUtx2MortZt.L2
0116393E T TKRA_DrawSpan_AtestModBlUtx2MortZt
01163968 T TKRA_DrawSpan_AtestModBlUtx2MortZt.L1
01163A42 T TKRA_DrawSpan_AtestModBlUtx2MortZt.L2
01163A58 T TKRA_DrawSpan_ModBlUtx2MortZb
01163A82 T TKRA_DrawSpan_ModBlUtx2MortZb.L1
01163B40 T TKRA_DrawSpan_ModBlUtx2MortZb.L2
01163B56 T TKRA_DrawSpan_AlphaModBlUtx2MortZb
01163B80 T TKRA_DrawSpan_AlphaModBlUtx2MortZb.L1
01163C74 T TKRA_DrawSpan_AlphaModBlUtx2MortZb.L2
01163C8A T TKRA_DrawSpan_ZbNul
01163C8C T TKRA_DrawSpan_Zbuf
01163C90 T TKRA_DrawSpan_Zbuf.L0
01163CAE T TKRA_DrawSpan_AtestModTexMortZt
01163CD0 T TKRA_DrawSpan_AtestModTexMortZt.L0
01163D24 T TKRA_DrawSpan_AtestModTexMortZb
01163D46 T TKRA_DrawSpan_AtestModTexMortZb.L0
01163D9E T TKRA_DrawSpan_AtestModUtx2MortZb
01163DC0 T TKRA_DrawSpan_AtestModUtx2MortZb.L0
01163E1C T TKRA_DrawSpan_AtestModBlTexMortZt
01163E46 T TKRA_DrawSpan_AtestModBlTexMortZt.L1
01163F10 T TKRA_DrawSpan_AtestModBlTexMortZt.L2
01163F26 T TKRA_DrawSpan_AtestModBlUtx2MortZb
01163F50 T TKRA_DrawSpan_AtestModBlUtx2MortZb.L1
01164030 T TKRA_DrawSpan_AtestModBlUtx2MortZb.L2
01164046 T TKRA_DrawSpan_ModTexMortHZt
01164084 T TKRA_DrawSpan_ModTexMortHZt.L0
011640EE T TKRA_DrawSpan_ModTexMortHZt.L1
0116413A T TKRA_DrawSpan_ModTexMortHZt.L2
01164146 T TKRA_DrawSpan_AlphaModTexMortHZt
01164174 T TKRA_DrawSpan_AlphaModTexMortHZt.L1
011641D4 T TKRA_DrawSpan_AlphaModTexMortHZt.L2
011641E0 T TKRA_DrawSpan_ModBlTexMortHZt
01164216 T TKRA_DrawSpan_ModBlTexMortHZt.L1
011642DA T TKRA_DrawSpan_ModBlTexMortHZt.L2
011642F0 T TKRA_DrawSpan_AlphaModBlTexMortHZt
01164326 T TKRA_DrawSpan_AlphaModBlTexMortHZt.L1
01164408 T TKRA_DrawSpan_AlphaModBlTexMortHZt.L2
01164420 T __start_init
0116443C T __text_end
01166D40 T TKMM_LVA_TryGetSigSize/szarr_base!3349
01166DA0 T TU459212AA/sintab_c00
01166DA8 T TU459212AA/sintab_c01
01166DB0 T TU459212AA/sintab_c02
01166DB8 T TU459212AA/sintab_c03
01166DC0 T TU459212AA/sintab_c04
01166DC8 T TU459212AA/sintab_c05
01166DD0 T TU459212AA/sintab_c06
01166DD8 T TU459212AA/sintab_c07
01166DE0 T TU459212AA/sintab_c08
01166DE8 T TU459212AA/sintab_c09
01166DF0 T TU459212AA/sintab_c10
01166DF8 T TU459212AA/sintab_c11
01166E00 T TU459212AA/sintab_c12
01166E08 T TU459212AA/sintab_c13
01166E10 T TU459212AA/sintab_c14
01166E18 T TU459212AA/sintab_c15
01166E20 T TU459212AA/sintab_c16
01166E28 T TU459212AA/sintab_c17
01166E30 T TU459212AA/sintab_c18
01166E38 T TU459212AA/sintab_c19
01166E40 T TU459212AA/sintab_c20
01166E48 T BTM_CheckWorldMoveVel/box!1756
01166E60 T BTM_UpdateBlockLightBlendColors/blendtab!2126
01166EE0 T TKMM_LVA_TryGetSigSize/szarr_c!3349
01166F40 T TKMM_LVA_TryGetSigSize/szarr_d!3349
01166FA0 T TU459212AA/tk_mdtab_cy
01166FD0 T TU459212AA/tk_mdtab_ly
01167000 T tkra_glfuncs
01167BA0 T TU459212AA/tkfat_tuc52
01167C20 T TU15D8F186/btmgl_vox_atlas_side
01168020 T TU15D8F186/btmgl_cube_quads
01168080 T TU15D8F186/cube_tris
0116BEC0 T __global_ptr
0116BEC0 T __data_start
0116BEC8 T tk_con
0116BED0 T cam_org
0116BEE0 T TU459212AA/myfile
0116BEE8 T cam_vel
0116BEF4 T TU459212AA/modeType
0116BEF8 T cam_ang_yaw
0116BEFC T cam_ivel
0116BF08 T btm_menu_selitem
0116BF0C T tk_vmem_pageinf
0116BF14 T pglTexCoord2f
0116BF1C T TU459212AA/tk_con_isesc
0116BF20 T cam_ang_pitch
0116BF28 T BTM_FlattenRegion/tentbuf!1952
0116BF30 T pglVertex2f
0116BF38 T TU459212AA/tk_con_escval0
0116BF3C T pglBindTexture
0116BF44 T tkspi_ctl_status
0116BF48 T TU459212AA/modus
0116BF50 T tkra_glTexImage2D/txbuf!758
0116BF58 T TU15D8F186/tkra_btc_tmpbuf
0116BF60 T bccx_value
0116BF68 T btm_showmenu
0116BF70 T btm_texfont_rov
0116BF74 T cam_mvflags
0116BF78 T tk_vf_mount
0116BF80 T tk_vmem_pagebmp
0116BF88 T TU459212AA/err
0116BF8C T btm_con_y
0116BF8D T btm_noclip
0116BF90 T btm_drawdist
0116BF94 T BTM_RayTick/wrldt!2613
0116BF98 T btmgl_blkemit_xyz
0116BFA0 T btm_wrl
0116BFA8 T btm_texfont_8px
0116BFB0 T tk_lva_strbuf_buf
0116BFB8 T tkra_glTexImage2D/txbuf2!758
0116BFC0 T pglDisable
0116BFC8 T TU459212AA/tk_opendir_reclim
0116BFD0 T bccx_free_node
0116BFD8 T bccx_free_nodelist
0116BFE0 T tkmm_mmap_n_map
0116BFE8 T btmgl_blkemit_st
0116BFF0 T tkmm_lva_ntag
0116BFF4 T pglColor4f
0116BFFC T pglLoadIdentity
0116C004 T pglBegin
0116C00C T pglEnd
0116C018 T btm_curtopname
0116C020 T tk_print_hex/chrs!2373
0116C028 T tk_print_hex_n/chrs!2376
0116C030 T btm_menu_selchars
0116C038 T tk_vmem_usrexpage
0116C040 T tk_wad4_tcbuf
0116C048 T tkmm_lva_syms_name
0116C050 T tk_sprint_hex/chrs!3483
0116C058 T btm_concmds
0116C060 T tk_sprint_hex_n/chrs!3484
0116C068 T tk_vmem_pagerov
0116C06C T pglMatrixMode
0116C074 T TU459212AA/tk_open_reclim
0116C078 T TKMM_PageAlloc_f
0116C080 T btm_con_x
0116C081 T tk_kbhit_fn
0116C089 T tk_getch_fn
0116C098 T tk_vmem_pagecache
0116C0A0 T i_keypos
0116C0A4 T bccx_strdup_num
0116C0A8 T __isbuf
0116C0B0 T tkspi_ctl_speed
0116C0B8 T tk_ralloc_bufs
0116C0C0 T tkpe_nimgix
0116C0C4 T btshx_tk_nhandles
0116C0C8 T tk_tlsid
0116C0CC T btmgl_tex_rov
0116C0D0 T TU15D8F186/fs_wadseq
0116C0D4 T tkpe_npboix
0116C0D8 T TU459212AA/myseed
0116C0E0 T BTM_InterpolateDaySky/lhr!2603
0116C0E4 T tk_wad4_zmemlim
0116C0E8 T tk_con_clr16to64
0116C0F8 T tk_vfile_wad4_vt
0116C1B0 T tk_vfile_tmpfs_vt
0116C268 T tk_vfile_fat_vt
0116C320 T tk_vfile_sysc_vt
0116C3D8 T tk_vfile_multidir_vt
0116C490 T TU459212AA/tk_ps2_scan2key
0116C690 T TU459212AA/tk_ps2_keyshift
0116C790 T TU15D8F186/bccx_stridx_nums
0116C7E0 T btm_blkmininames
0116CFE0 T tk_vfile_devfs_vt
0116D098 T tk_vfile_bdspi_vt
0116D150 T sfp_rcp_adj
0116D350 T tk_vfile_bdvfb_vt
0116D408 T handlers
0116D440 T TU459212AA/__isbufR
0116D644 T TU15D8F186/btm_skycolor
0116D768 T __tk_saved_vbr
0116D770 T __data_end
0116D780 T __bss_start
0116D780 T __start/argv!744
0116D918 T tk_ralloc_bufr
0116D920 T btmgl_blkemit_rgb
0116D928 T btmgl_blkemit_npts
0116D92C T tk_task_max
0116D930 T bccx_org_x
0116D934 T bccx_org_y
0116D938 T bccx_org_z
0116D93C T bccx_name
0116D940 T BCCX_AbxeParseStringLong/longstr!1412
0116D948 T FS_Wad4GetCacheForLump/tmpbuf!2368
0116D950 T btm_menu_selchardt
0116D954 T btm_texfont_curi
0116D958 T btm_menu_inhibit
0116D960 T pglTexParameterf
0116D968 T pglVertex3f
0116D970 T pglTexCoord2fv
0116D978 T pglVertex3fv
0116D980 T tkmm_pagerov
0116D984 T tk_vmem_lru_free
0116D988 T tk_vmem_pageroot
0116D990 T tk_putc_fn
0116D998 T BTM_RegionDoStoreChunkCix/lzctx!1920
0116D9A0 T BTM_RegionDoStoreBufferIx/lzctx!1925
0116D9A8 T TU459212AA/n_irq_timer
0116D9B0 T BTM_CheckUnloadRegions/tentbuf!1961
0116D9B8 T tk_wad4_zlive
0116D9C0 T btmra_sinang_f
0116D9C8 T BTM_BlockTickWorld/accdt!2183
0116D9D0 T btm_buildsprites
0116D9D8 T btm_sprite_mutex
0116D9E0 T btmgl_tex_cnt
0116D9E8 T btmra_cosang_f
0116D9F0 T tk_wad4_zmemuse
0116D9F4 T tkmm_lvatyi_string
0116D9F8 T tkmm_lva_clsinfo
0116DA00 T btm_malloc_mutex
0116DA08 T tk_vmem_lru_first
0116DA10 T tk_lva_strbuf_pos
0116DA18 T tk_vmem_swap_lba
0116DA20 T tk_vmem_swap_psz
0116DA24 T tkmm_maxpage
0116DA28 T pglDisableClientState
0116DA30 T pglEnable
0116DA38 T btmgl_blkemit_mpts
0116DA40 T pglEnableClientState
0116DA48 T TU459212AA/tk_ps2_kbposs
0116DA49 T TU459212AA/tk_ps2_kbpose
0116DA50 T pglTexCoordPointer
0116DA58 T pglRotatef
0116DA60 T btm_alloc_mutex
0116DA68 T BTM_PlayerPhysTick/acdt!2611
0116DA6C T tkmm_mmlist_n_vrm
0116DA70 T pglAlphaFunc
0116DA78 T pglClearColor
0116DA80 T pglColorPointer
0116DA88 T pglDrawArrays
0116DA90 T tk_vmem_usrexonly
0116DA98 T pglVertexPointer
0116DAA0 T pglTranslatef
0116DAA8 T tk_vmem_maxpage
0116DAB0 T pglColor4ubv
0116DAB8 T tk_wad4_zfree
0116DAC0 T btmra_sinang
0116DAC8 T btmgl_time_ms
0116DAD0 T TKMM_PageFree_f
0116DAD8 T TU459212AA/tk_con_escval1
0116DADC T TU15D8F186/tkra_btc_xsz_tmpbuf
0116DAE0 T tk_wad4_tcsz
0116DAE4 T tkmm_lvatyi_tagarray
0116DAE8 T tkmm_lvatyi_long
0116DAEC T tkmm_lvatyi_ulong
0116DAF0 T TU459212AA/tkfat_rdbuf_clid
0116DAF4 T tkmm_lvatyi_classobj
0116DAF8 T tkmm_lvatyi_tagobj
0116DB00 T tkmm_lva_clsvt
0116DB08 T tk_devfs_dev
0116DB10 T bccx_stridx_num
0116DB14 T bccx_init
0116DB18 T btm_freesprites
0116DB20 T bccx_mobj
0116DB24 T bccx_classname
0116DB28 T TKMM_MProtectF
0116DB30 T bccx_yaw
0116DB34 T bccx_pitch
0116DB38 T bccx_ralloc/ralloc_buf!1030
0116DB40 T bccx_ralloc/ralloc_rov!1030
0116DB44 T btm_texfont_inven
0116DB48 T fs_wadfiles
0116DB50 T btm_menuroot
0116DB58 T tk_vf_freelist
0116DB60 T bootparm
0116DB68 T btm_con_msgdt
0116DB6C T tk_vmem_lru_last
0116DB70 T bccx_Slist
0116DB74 T tkmm_ramkib
0116DB78 T skybox_tex
0116DB7C T tt_ray
0116DB80 T tt_draw
0116DB84 T tt_drawblock
0116DB88 T tt_tick
0116DB8C T tt_rayframe
0116DB90 T tt_drawframe
0116DB94 T tk_dbg_iscopy
0116DB98 T bccx_chunk_node
0116DBA0 T bccx_chunk_nodelist
0116DBA8 T btm_stat_malloc_tot
0116DBAC T bccx_stat_sznode
0116DBB0 T bccx_stat_sznodelist
0116DBB4 T tkspi_init_ok
0116DBB5 T bccx_strdup_trov
0116DBB8 T tkmm_lvatyi_variant
0116DBBC T tkmm_lvatyi_pointer
0116DBC0 T tkmm_lvatyi_byte
0116DBC4 T tkmm_lvatyi_sbyte
0116DBC8 T btmgl_blkemit2_xyz
0116DBD0 T btmgl_blkemit2_st
0116DBD8 T btmgl_blkemit2_rgb
0116DBE0 T btmgl_blkemit2_npts
0116DBE4 T tkmm_lvatyi_short
0116DBE8 T tkmm_lvatyi_ushort
0116DBEC T tkmm_lvatyi_int
0116DBF0 T tkmm_lvatyi_uint
0116DBF4 T bccx_Stext
0116DBF8 T tkmm_lvatyi_float
0116DBFC T tkmm_lvatyi_double
0116DC00 T tkmm_rampage
0116DC04 T btm_stat_malloc_szregion
0116DC08 T tkmm_lvatyi_wstring
0116DC0C T tkmm_lvatyi_fixnum
0116DC10 T tkmm_lvatyi_flonum
0116DC14 T tkmm_lvatyi_cons
0116DC18 T __stdin
0116DC20 T tk_lva_strbuf_end
0116DC28 T btm_vissprites
0116DC30 T TU459212AA/tk_con_escval2
0116DC38 T tk_fsty_root
0116DC40 T pglBlendFunc
0116DC48 T pglClear
0116DC50 T bccx_player
0116DC58 T pglDepthFunc
0116DC60 T btm_texfont_tinycnt
0116DC64 T TU459212AA/tk_ps2st_e0
0116DC68 T tkmm_lva_syms_chn
0116DC70 T tkmm_lva_syms_nsym
0116DC78 T pglTexEnvf
0116DC80 T TU459212AA/tk_ps2st_f0
0116DC81 T TU459212AA/tk_ps2st_shift
0116DC88 T pglViewport
0116DC90 T pglPushMatrix
0116DC98 T pglPopMatrix
0116DCA0 T pglOrtho
0116DCA8 T pglFrustum
0116DCB0 T pglClearDepth
0116DCB8 T pglDepthRange
0116DCC0 T __stdout
0116DCC8 T btm_con_tdt
0116DCCC T tkra_glTexImage2D/sz_txbuf!758
0116DCD0 T pglCompressedTexImage2D
0116DCD8 T tkra_glTexImage2D/sz_txbuf2!758
0116DCE0 T tkra_glTexImage2D/ixbuf!758
0116DCE8 T conbufa
0116DCF0 T vid_frnum
0116DCF4 T tk_vmem_usrexoffs
0116DCF8 T tk_vmem_useldekrr
0116DD00 T TKMM_MmapF
0116DD08 T skybox_tex_stars
0116DD0C T skybox_onetex
0116DD10 T __stderr
0116DD18 T tk_ralloc_bufe
0116DD20 T __errno
0116DD24 T TU459212AA/spareSpot
0116DD28 T pglColorMask
0116DD30 T pglCopyTexImage2D
0116DD38 T pglCullFace
0116DD40 T pglDeleteTextures
0116DD48 T TU459212AA/tk_con_escval3
0116DD50 T pglDrawElements
0116DD58 T pglFinish
0116DD60 T pglFlush
0116DD68 T pglFrontFace
0116DD70 T pglGenTextures
0116DD78 T pglGetError
0116DD80 T pglGetIntegerv
0116DD88 T pglHint
0116DD90 T pglGetString
0116DD98 T TKMM_MunmapF
0116DDA0 T pglMultMatrixf
0116DDA8 T pglNormalPointer
0116DDB0 T pglPolygonMode
0116DDB8 T pglReadPixels
0116DDC0 T pglShadeModel
0116DDC8 T pglTexEnvi
0116DDD0 T pglTexImage2D
0116DDD8 T pglTexParameteri
0116DDE0 T TKMM_MSyncF
0116DDE8 T TU459212AA/tk_ps2st_alt
0116DDF0 T pglScalef
0116DDF8 T TU459212AA/tk_ps2st_ctrl
0116DE00 T pglColor3f
0116DE08 T btmra_cosang
0116DE10 T TU459212AA/tkfat_rdbuf_dee
0116DE18 T tk_envctx_free
0116DE20 T btm_step_init
0116DE24 T TU459212AA/tkfat_rdbuf_offs
0116DE28 T TU459212AA/tkmm_is_init
0116DE2C T tkra_totbrk
0116DE30 T btmgl_filter_min
0116DE34 T btmgl_filter_max
0116DE38 T btm_loadtemp_rov
0116DE40 T tkra_current_context
0116DE48 T tkmm_lvatyi_int128
0116DE4C T tkmm_lvatyi_float128
0116DE50 T TU459212AA/tk_bdram_isinit
0116DE54 T tkmm_lvatyi_ustring
0116DE58 T tkra_glfuncs_init
0116DE5C T TU459212AA/tk_bdspi_isinit
0116DE60 T TU459212AA/tk_bdvfb_isinit
0116DE64 T tkmm_lvatyi_bigint
0116DE68 T bccx_flags
0116DE6C T bccx_entvar
0116DE70 T bgbcc_rcst_size
0116DE74 T bccx_global
0116DE78 T bgbcc_rcst_Stext
0116DE7C T bccx_time
0116DE80 T bccx_day
0116DE84 T TU459212AA/tkspi_is_init
0116DE88 T btm_inven_open
0116DE8C T tk_vmem_npage
0116DE90 T tk_mnt_freelist
0116DE98 T TU459212AA/tk_vf_init
0116DEA0 T tkmm_lva_freebigint
0116DEA8 T tkmm_lva_tagbinop
0116DEB0 T btm_texfont_16px
0116DEB4 T tkmm_pagebase
0116DEB8 T tkmm_pageend
0116DEBC T btm_condown
0116DEC0 T btm_input_sx
0116DEC8 T tkmm_lva_freecons
0116DED0 T tk_vmem_swap_sz
0116DED4 T tk_vmem_varov_lo
0116DED8 T tk_vmem_varov_hi
0116DEE0 T TU459212AA/fnm
0116DEE8 T bccx_inven
0116DEEC T bccx_index
0116DEF0 T bccx_count
0116DEF4 T bccx_item
0116DEF8 T btm_input_x
0116DEFC T gfxdrv_kill
0116DF00 T TU459212AA/tk_dummyallocaptr
0116DF08 T global_constraint_handler
0116DF10 T TU459212AA/inreopen
0116DF18 T __envptr
0116DF20 T _malloc_fptr
0116DF28 T _free_fptr
0116DF30 T __rsrc_start
0116DF31 T __rsrc_dir
0116DF32 T __rsrc_types
0116DF38 T _realloc_fptr
0116DF40 T _msize_fptr
0116DF48 T __eplist
0116DF50 T __plist
0116DF58 T tk_con_bss
0116DF70 T tkra_prj_xyzsc
0116DF80 T tkra_prj_xyzbi
0116DF90 T i_keymask
0116DFB0 T tkmm_mmlist_brkbuf_c
0116DFF0 T tkmm_lvatyi_arrmt
0116E030 T tkmm_lvatyi_arrmsc
0116E070 T tkmm_mmlist_brkpos_c
0116E0B0 T fs_biglumpcache_lumpid
0116E0D0 T i_lkeymask
0116E0F0 T btm_stat_szallocsq
0116E160 T tk_handle_arr
0116E970 T tkra_spanrcptab
0116F180 T tkra_freelist
0116F990 T TU459212AA/tk_ps2_kbuf
0116FAA0 T tkpe_pbo_image
011702B0 T tkpe_pbo_dllimg
01170AC0 T tkmm_pagebmp
01174AD0 T t_bootparm
01174B10 T tk_sysc_exit
01174D18 T irq_timer
01174DB0 T tk_task_list
01176DC0 T tkmm_mmlist_freelist_cat
0117ADD0 T tkmm_mmlist_vrm_brkbuf
0117CDE0 T tkmm_mmlist_vrm_brkend
0117EDF0 T tkmm_mmlist_vrm_brkflg
0117FE00 T tkmm_mmlist_brkend_c
0117FE40 T __userExit
0117FF50 T tkmm_mmap_bufs
01180F60 T tkmm_mmap_bufe
01181F70 T tkra_glfuncs_chn
01182370 T tkra_glfuncs_hash
01182400 T tkmm_mmap_prot
01182C10 T tkmm_mmap_flag
01183420 T bccx_stridx_strs
0118B430 T bccx_stridx_next
0118D440 T bccx_stridx_hash
0118D650 T bccx_strdup_strs
011CD660 T bccx_strdup_next
011DD670 T bccx_strdup_hash
011DD880 T tk_lva_strbuf_hash
011DE090 T tkmm_lva_tagarr
011E00A0 T tkmm_lva_taghash
011E0120 T tkmm_lva_tagbinop_hash
011E0320 T TU459212AA/permFiles
011E0490 T __userFiles
011E0C80 T tkmm_lva_syms_hash
011E1090 T btshx_tk_handles
011E18A0 T TU459212AA/tkfat_rdbuf_data
011E1AB0 T TU459212AA/buffer1
011E32D0 T TU459212AA/buffer2
011E4AF0 T TU459212AA/buffer3
011E6310 T btm_step_ydir
011E8320 T btm_step_pdir
011EA330 T btmra_rcptab
011EAB40 T btmra_sincosang
011EB040 T btmra_sincosang_f
011EB540 T btm_pmort2_enc8
011EB740 T btm_pmort2_dec8
011EB840 T btm_pmort3_enc8
011EBC50 T btm_pmort3_dec12
011ECC60 T btm_freelist_mul64k
011ED470 T btm_freelist_mul4k
011EDC80 T btm_freelist_mul256b
011EE490 T btm_totalloc_mul64k
011EE890 T btm_totalloc_mul4k
011EEC90 T btm_totalloc_mul256b
011EF090 T btm_loadtemp_buf
011EF190 T btm_loadtemp_sz
011EF210 T tk_vmem_pagehash
011EF320 T btmgl_tex_names
011F1330 T btmgl_tex_txn
011F2340 T fs_biglumpcache_data
011F2390 T fs_lumpcache_data
011F2BA0 T fs_lumpcache_lumpid
011F2FA0 T fs_fragcache_data
011F31A0 T fs_fragcache_cnt
011F32A0 T fs_fragcache_lumpid
011F33B0 T btm_conbuf
011F4360 T btm_lastmsg
011F45E0 T btm_inputcmd
011F46E0 T i_keyrov
011F48E0 T skybox_tris
011F4D60 T _end
011F4D60 T __bss_end
